Component: ARM Compiler 6.16 Tool: armlink [5dfea500]

==============================================================================

Loading Objects.

Loading object BUILD/KL25Z/ARMC6/main.o.
              definition:  tpm_delayMs(int)
              definition:  proximity_init()
              definition:  proximity_read(int)
              definition:  delayMs(int)
              definition:  adc_init()
              definition:  delay1ms()
              definition:  tpm_init()
              definition:  __ARM_use_no_argv
              definition:  main
              reference :  puts
Loading object BUILD/KL25Z/ARMC6/mbed-os/cmsis/CMSIS_5/CMSIS/TARGET_CORTEX_M/Source/mbed_tz_context.o.
Loading object BUILD/KL25Z/ARMC6/mbed-os/drivers/source/AnalogIn.o.
              weak defn :  rtos::Mutex* core_util_atomic_load<rtos::Mutex>(rtos::Mutex* const*)
              weak defn :  void core_util_atomic_store<rtos::Mutex>(rtos::Mutex**, rtos::Mutex*)
              definition:  mbed::AnalogIn::read_voltage()
              definition:  mbed::AnalogIn::set_reference_voltage(float)
              weak defn :  mbed::AnalogIn::lock()
              definition:  mbed::AnalogIn::read()
              definition:  mbed::AnalogIn::_mutex
              weak defn :  mbed::AnalogIn::unlock()
              definition:  mbed::AnalogIn::read_u16()
              definition:  mbed::AnalogIn::AnalogIn(PinName, float)
              definition:  mbed::AnalogIn::AnalogIn(PinMap const&, float)
              definition:  mbed::AnalogIn::AnalogIn__sub_object(PinName, float)
              definition:  mbed::AnalogIn::AnalogIn__sub_object(PinMap const&, float)
              weak defn :  mbed::AnalogIn::~AnalogIn__deallocating()
              weak defn :  mbed::AnalogIn::~AnalogIn__sub_object()
              weak defn :  rtos::Mutex::lock()
              weak defn :  rtos::Mutex::unlock()
              weak defn :  rtos::Mutex::Mutex__sub_object()
              weak defn :  SingletonPtr<rtos::Mutex>::get() const
              weak defn :  SingletonPtr<rtos::Mutex>::operator->() const
              definition:  mbed::AnalogIn::get_reference_voltage() const
              weak defn :  vtable for mbed::AnalogIn
              reference :  operator delete(void*)
              reference :  __aeabi_fmul
              reference :  analogin_free
              reference :  analogin_init
              reference :  analogin_init_direct
              reference :  analogin_read
              reference :  analogin_read_u16
              reference :  mbed_assert_internal
Loading object BUILD/KL25Z/ARMC6/mbed-os/drivers/source/AnalogOut.o.
              definition:  mbed::AnalogOut::read()
              definition:  mbed::AnalogOut::write(float)
              definition:  mbed::AnalogOut::write_u16(unsigned short)
              reference :  analogout_read
              reference :  analogout_write
              reference :  analogout_write_u16
Loading object BUILD/KL25Z/ARMC6/mbed-os/drivers/source/BufferedSerial.o.
              reference :  mbed::FileHandle::size()
              weak defn :  mbed::FileHandle::tell()
              weak defn :  mbed::FileHandle::rewind()
              weak defn :  mbed::FileHandle::truncate(long)
              weak defn :  mbed::FileHandle::FileHandle__sub_object()
              weak defn :  mbed::FileHandle::~FileHandle__sub_object()
              reference :  mbed::SerialBase::_base_getc()
              reference :  mbed::SerialBase::_base_putc(int)
              reference :  mbed::SerialBase::enable_input(bool)
              reference :  mbed::SerialBase::enable_output(bool)
              reference :  mbed::SerialBase::baud(int)
              reference :  mbed::SerialBase::lock()
              reference :  mbed::SerialBase::attach(mbed::Callback<void ()>, mbed::SerialBase::IrqType)
              reference :  mbed::SerialBase::format(int, mbed::SerialBase::Parity, int)
              reference :  mbed::SerialBase::unlock()
              reference :  mbed::SerialBase::readable()
              reference :  mbed::SerialBase::writeable()
              reference :  mbed::SerialBase::SerialBase__sub_object(PinName, PinName, int)
              reference :  mbed::SerialBase::SerialBase__sub_object(serial_pinmap_t const&, int)
              reference :  mbed::SerialBase::~SerialBase__sub_object()
              reference :  mbed::InterruptIn::fall(mbed::Callback<void ()>)
              reference :  mbed::InterruptIn::read()
              reference :  mbed::InterruptIn::rise(mbed::Callback<void ()>)
              reference :  mbed::InterruptIn::InterruptIn(PinName)
              definition:  mbed::BufferedSerial::api_unlock()
              definition:  mbed::BufferedSerial::set_format(int, mbed::SerialBase::Parity, int)
              definition:  mbed::BufferedSerial::enable_input(bool)
              weak defn :  mbed::BufferedSerial::set_blocking(bool)
              definition:  mbed::BufferedSerial::enable_output(bool)
[...]
Renaming symbol __rt_lib_init_lc_monetary_2 to __rt_lib_init_lc_monetary_1.
Renaming symbol $$Temp to __rt_lib_init_lc_monetary_2.
Renaming symbol __rt_lib_init_lc_numeric_1 to $$Temp.
Renaming symbol __rt_lib_init_lc_numeric_2 to __rt_lib_init_lc_numeric_1.
Renaming symbol $$Temp to __rt_lib_init_lc_numeric_2.
Renaming symbol __rt_lib_init_lc_time_1 to $$Temp.
Renaming symbol __rt_lib_init_lc_time_2 to __rt_lib_init_lc_time_1.
Renaming symbol $$Temp to __rt_lib_init_lc_time_2.
Renaming symbol __rt_lib_init_preinit_1 to $$Temp.
Renaming symbol __rt_lib_init_preinit_2 to __rt_lib_init_preinit_1.
Renaming symbol $$Temp to __rt_lib_init_preinit_2.
Renaming symbol __rt_lib_init_rand_1 to $$Temp.
Renaming symbol __rt_lib_init_rand_2 to __rt_lib_init_rand_1.
Renaming symbol $$Temp to __rt_lib_init_rand_2.
Renaming symbol __rt_lib_init_signal_1 to $$Temp.
Renaming symbol __rt_lib_init_signal_2 to __rt_lib_init_signal_1.
Renaming symbol $$Temp to __rt_lib_init_signal_2.
Renaming symbol __rt_lib_init_stdio_1 to $$Temp.
Renaming symbol __rt_lib_init_stdio_2 to __rt_lib_init_stdio_1.
Renaming symbol $$Temp to __rt_lib_init_stdio_2.
Renaming symbol __rt_lib_init_user_alloc_1 to $$Temp.
Renaming symbol __rt_lib_init_user_alloc_2 to __rt_lib_init_user_alloc_1.
Renaming symbol $$Temp to __rt_lib_init_user_alloc_2.
Renaming symbol __rt_entry_postli_1 to $$Temp.
Renaming symbol __rt_entry_postli_2 to __rt_entry_postli_1.
Renaming symbol $$Temp to __rt_entry_postli_2.
Renaming symbol __rt_entry_presh_1 to $$Temp.
Renaming symbol __rt_entry_presh_2 to __rt_entry_presh_1.
Renaming symbol $$Temp to __rt_entry_presh_2.
Resolving $Sub$$ and $Super$$ Symbols.
              definition:  $Super$$__cpp_initialize__aeabi_
              definition:  $Super$$__rt_lib_init
              definition:  $Super$$main
              definition:  BuildAttributes$$THM_ISAv3M$S$PE$A:L22$X:L11$S22$IEEE1$IW$~IW$USESV6$~STKCKD$USESV7$~SHL$OTIME$ROPI$IEEEX$EBA8$UX$STANDARDLIB$REQ8$PRES8$EABIv2
Building image.
Checking duplicate symbol definitions
Using Worst Fit .ANY placement algorithm.
              reference :  __scatterload_copy
              reference :  __scatterload_zeroinit
              reference :  __scatterload_null
              reference :  __scatterload_rt2
Choosing data area compressor
Data area too small to benefit from compression.
Selecting member __scatter_copy.o(/home/paok/.config/Mbed Studio/mbed-studio-tools/ac6/bin/../lib/armlib/c_p.l) to define __scatterload_copy.
Selecting member __scatter_zi.o(/home/paok/.config/Mbed Studio/mbed-studio-tools/ac6/bin/../lib/armlib/c_p.l) to define __scatterload_zeroinit.
Selecting member __scatter.o(/home/paok/.config/Mbed Studio/mbed-studio-tools/ac6/bin/../lib/armlib/c_p.l) to define __scatterload_null.
Selecting member __scatter.o(/home/paok/.config/Mbed Studio/mbed-studio-tools/ac6/bin/../lib/armlib/c_p.l) to define __scatterload_rt2.
Loading member /home/paok/.config/Mbed Studio/mbed-studio-tools/ac6/bin/../lib/armlib/c_p.l(__scatter.o) from /home/paok/.config/Mbed Studio/mbed-studio-tools/ac6/bin/../lib/armlib/c_p.l.
              definition:  __scatterload
              definition:  __scatterload_rt2
              definition:  __scatterload_rt2_thumb_only
              definition:  __scatterload_null
              reference :  Region$$Table$$Base
              reference :  Region$$Table$$Limit
              reference :  __rt_entry
Loading member /home/paok/.config/Mbed Studio/mbed-studio-tools/ac6/bin/../lib/armlib/c_p.l(__scatter_copy.o) from /home/paok/.config/Mbed Studio/mbed-studio-tools/ac6/bin/../lib/armlib/c_p.l.
              definition:  __scatterload_copy
Loading member /home/paok/.config/Mbed Studio/mbed-studio-tools/ac6/bin/../lib/armlib/c_p.l(__scatter_zi.o) from /home/paok/.config/Mbed Studio/mbed-studio-tools/ac6/bin/../lib/armlib/c_p.l.
              definition:  __scatterload_zeroinit
Resolving $Sub$$ and $Super$$ Symbols.
Patching/Reducing relocations
Creating output file BUILD/KL25Z/ARMC6/CleanIt-SC.elf.

==============================================================================

Memory Map of the image

  Image Entry point : 0x000000c1

  Load Region LR_IROM1 (Base: 0x00000000, Size: 0x00006a34, Max: 0x00020000, ABSOLUTE)

    Execution Region ER_IROM1 (Base: 0x00000000, Size: 0x000069e0, Max: 0x00020000, ABSOLUTE)

    Base Addr    Size         Type   Attr      Idx    E Section Name        Object

    0x00000000   0x000000c0   Data   RO         3346    RESET               BUILD/KL25Z/ARMC6/mbed-os/targets/TARGET_Freescale/TARGET_KLXX/TARGET_KL25Z/device/TOOLCHAIN_ARM_STD/startup_MKL25Z4.o
    0x000000c0   0x00000008   Code   RO         4008  * !!!main             /home/paok/.config/Mbed Studio/mbed-studio-tools/ac6/bin/../lib/armlib/c_p.l(__main.o)
    0x000000c8   0x0000003c   Code   RO         4605    !!!scatter          /home/paok/.config/Mbed Studio/mbed-studio-tools/ac6/bin/../lib/armlib/c_p.l(__scatter.o)
    0x00000104   0x0000001a   Code   RO         4607    !!handler_copy      /home/paok/.config/Mbed Studio/mbed-studio-tools/ac6/bin/../lib/armlib/c_p.l(__scatter_copy.o)
    0x0000011e   0x00000002   PAD
    0x00000120   0x0000001c   Code   RO         4609    !!handler_zi        /home/paok/.config/Mbed Studio/mbed-studio-tools/ac6/bin/../lib/armlib/c_p.l(__scatter_zi.o)
    0x0000013c   0x00000002   Code   RO         3926    .ARM.Collect$$_printf_percent$$00000000  /home/paok/.config/Mbed Studio/mbed-studio-tools/ac6/bin/../lib/armlib/c_p.l(_printf_percent.o)
    0x0000013e   0x0000000a   Code   RO         4163    .ARM.Collect$$_printf_percent$$00000001  /home/paok/.config/Mbed Studio/mbed-studio-tools/ac6/bin/../lib/armlib/c_p.l(_printf_n.o)
    0x00000148   0x0000000a   Code   RO         3924    .ARM.Collect$$_printf_percent$$00000002  /home/paok/.config/Mbed Studio/mbed-studio-tools/ac6/bin/../lib/armlib/c_p.l(_printf_p.o)
    0x00000152   0x0000000a   Code   RO         4167    .ARM.Collect$$_printf_percent$$00000003  /home/paok/.config/Mbed Studio/mbed-studio-tools/ac6/bin/../lib/armlib/c_p.l(_printf_f.o)
    0x0000015c   0x0000000a   Code   RO         4168    .ARM.Collect$$_printf_percent$$00000004  /home/paok/.config/Mbed Studio/mbed-studio-tools/ac6/bin/../lib/armlib/c_p.l(_printf_e.o)
    0x00000166   0x0000000a   Code   RO         4169    .ARM.Collect$$_printf_percent$$00000005  /home/paok/.config/Mbed Studio/mbed-studio-tools/ac6/bin/../lib/armlib/c_p.l(_printf_g.o)
    0x00000170   0x0000000a   Code   RO         4170    .ARM.Collect$$_printf_percent$$00000006  /home/paok/.config/Mbed Studio/mbed-studio-tools/ac6/bin/../lib/armlib/c_p.l(_printf_a.o)
    0x0000017a   0x0000000a   Code   RO         4175    .ARM.Collect$$_printf_percent$$00000007  /home/paok/.config/Mbed Studio/mbed-studio-tools/ac6/bin/../lib/armlib/c_p.l(_printf_ll.o)
    0x00000184   0x0000000a   Code   RO         4165    .ARM.Collect$$_printf_percent$$00000008  /home/paok/.config/Mbed Studio/mbed-studio-tools/ac6/bin/../lib/armlib/c_p.l(_printf_i.o)
    0x0000018e   0x0000000a   Code   RO         4166    .ARM.Collect$$_printf_percent$$00000009  /home/paok/.config/Mbed Studio/mbed-studio-tools/ac6/bin/../lib/armlib/c_p.l(_printf_d.o)
    0x00000198   0x0000000a   Code   RO         3925    .ARM.Collect$$_printf_percent$$0000000A  /home/paok/.config/Mbed Studio/mbed-studio-tools/ac6/bin/../lib/armlib/c_p.l(_printf_u.o)
    0x000001a2   0x0000000a   Code   RO         4164    .ARM.Collect$$_printf_percent$$0000000B  /home/paok/.config/Mbed Studio/mbed-studio-tools/ac6/bin/../lib/armlib/c_p.l(_printf_o.o)
    0x000001ac   0x0000000a   Code   RO         3923    .ARM.Collect$$_printf_percent$$0000000C  /home/paok/.config/Mbed Studio/mbed-studio-tools/ac6/bin/../lib/armlib/c_p.l(_printf_x.o)
    0x000001b6   0x0000000a   Code   RO         4172    .ARM.Collect$$_printf_percent$$0000000D  /home/paok/.config/Mbed Studio/mbed-studio-tools/ac6/bin/../lib/armlib/c_p.l(_printf_lli.o)
    0x000001c0   0x0000000a   Code   RO         4173    .ARM.Collect$$_printf_percent$$0000000E  /home/paok/.config/Mbed Studio/mbed-studio-tools/ac6/bin/../lib/armlib/c_p.l(_printf_lld.o)
    0x000001ca   0x0000000a   Code   RO         4174    .ARM.Collect$$_printf_percent$$0000000F  /home/paok/.config/Mbed Studio/mbed-studio-tools/ac6/bin/../lib/armlib/c_p.l(_printf_llu.o)
    0x000001d4   0x0000000a   Code   RO         4179    .ARM.Collect$$_printf_percent$$00000010  /home/paok/.config/Mbed Studio/mbed-studio-tools/ac6/bin/../lib/armlib/c_p.l(_printf_llo.o)
    0x000001de   0x0000000a   Code   RO         4180    .ARM.Collect$$_printf_percent$$00000011  /home/paok/.config/Mbed Studio/mbed-studio-tools/ac6/bin/../lib/armlib/c_p.l(_printf_llx.o)
    0x000001e8   0x0000000a   Code   RO         4176    .ARM.Collect$$_printf_percent$$00000012  /home/paok/.config/Mbed Studio/mbed-studio-tools/ac6/bin/../lib/armlib/c_p.l(_printf_l.o)
    0x000001f2   0x0000000a   Code   RO         4162    .ARM.Collect$$_printf_percent$$00000013  /home/paok/.config/Mbed Studio/mbed-studio-tools/ac6/bin/../lib/armlib/c_p.l(_printf_c.o)
    0x000001fc   0x0000000a   Code   RO         3922    .ARM.Collect$$_printf_percent$$00000014  /home/paok/.config/Mbed Studio/mbed-studio-tools/ac6/bin/../lib/armlib/c_p.l(_printf_s.o)
    0x00000206   0x0000000a   Code   RO         4177    .ARM.Collect$$_printf_percent$$00000015  /home/paok/.config/Mbed Studio/mbed-studio-tools/ac6/bin/../lib/armlib/c_p.l(_printf_lc.o)
    0x00000210   0x0000000a   Code   RO         4178    .ARM.Collect$$_printf_percent$$00000016  /home/paok/.config/Mbed Studio/mbed-studio-tools/ac6/bin/../lib/armlib/c_p.l(_printf_ls.o)
    0x0000021a   0x00000004   Code   RO         4171    .ARM.Collect$$_printf_percent$$00000017  /home/paok/.config/Mbed Studio/mbed-studio-tools/ac6/bin/../lib/armlib/c_p.l(_printf_percent_end.o)
    0x0000021e   0x00000002   Code   RO         4007    .ARM.Collect$$libinit$$00000000  /home/paok/.config/Mbed Studio/mbed-studio-tools/ac6/bin/../lib/armlib/c_p.l(libinit.o)
    0x00000220   0x00000000   Code   RO         4225    .ARM.Collect$$libinit$$00000002  /home/paok/.config/Mbed Studio/mbed-studio-tools/ac6/bin/../lib/armlib/c_p.l(libinit2.o)
    0x00000220   0x00000000   Code   RO         4227    .ARM.Collect$$libinit$$00000004  /home/paok/.config/Mbed Studio/mbed-studio-tools/ac6/bin/../lib/armlib/c_p.l(libinit2.o)
    0x00000220   0x00000008   Code   RO         4228    .ARM.Collect$$libinit$$00000005  /home/paok/.config/Mbed Studio/mbed-studio-tools/ac6/bin/../lib/armlib/c_p.l(libinit2.o)
    0x00000228   0x00000000   Code   RO         4230    .ARM.Collect$$libinit$$0000000A  /home/paok/.config/Mbed Studio/mbed-studio-tools/ac6/bin/../lib/armlib/c_p.l(libinit2.o)
    0x00000228   0x00000000   Code   RO         4232    .ARM.Collect$$libinit$$0000000C  /home/paok/.config/Mbed Studio/mbed-studio-tools/ac6/bin/../lib/armlib/c_p.l(libinit2.o)
    0x00000228   0x00000000   Code   RO         4234    .ARM.Collect$$libinit$$0000000E  /home/paok/.config/Mbed Studio/mbed-studio-tools/ac6/bin/../lib/armlib/c_p.l(libinit2.o)
    0x00000228   0x00000006   Code   RO         4235    .ARM.Collect$$libinit$$0000000F  /home/paok/.config/Mbed Studio/mbed-studio-tools/ac6/bin/../lib/armlib/c_p.l(libinit2.o)
    0x0000022e   0x00000000   Code   RO         4237    .ARM.Collect$$libinit$$00000011  /home/paok/.config/Mbed Studio/mbed-studio-tools/ac6/bin/../lib/armlib/c_p.l(libinit2.o)
    0x0000022e   0x0000000c   Code   RO         4238    .ARM.Collect$$libinit$$00000012  /home/paok/.config/Mbed Studio/mbed-studio-tools/ac6/bin/../lib/armlib/c_p.l(libinit2.o)
    0x0000023a   0x00000000   Code   RO         4239    .ARM.Collect$$libinit$$00000013  /home/paok/.config/Mbed Studio/mbed-studio-tools/ac6/bin/../lib/armlib/c_p.l(libinit2.o)
    0x0000023a   0x00000000   Code   RO         4241    .ARM.Collect$$libinit$$00000015  /home/paok/.config/Mbed Studio/mbed-studio-tools/ac6/bin/../lib/armlib/c_p.l(libinit2.o)
    0x0000023a   0x0000000a   Code   RO         4242    .ARM.Collect$$libinit$$00000016  /home/paok/.config/Mbed Studio/mbed-studio-tools/ac6/bin/../lib/armlib/c_p.l(libinit2.o)
    0x00000244   0x00000000   Code   RO         4243    .ARM.Collect$$libinit$$00000017  /home/paok/.config/Mbed Studio/mbed-studio-tools/ac6/bin/../lib/armlib/c_p.l(libinit2.o)
    0x00000244   0x00000000   Code   RO         4245    .ARM.Collect$$libinit$$00000019  /home/paok/.config/Mbed Studio/mbed-studio-tools/ac6/bin/../lib/armlib/c_p.l(libinit2.o)
    0x00000244   0x00000000   Code   RO         4247    .ARM.Collect$$libinit$$0000001B  /home/paok/.config/Mbed Studio/mbed-studio-tools/ac6/bin/../lib/armlib/c_p.l(libinit2.o)
    0x00000244   0x00000000   Code   RO         4249    .ARM.Collect$$libinit$$0000001D  /home/paok/.config/Mbed Studio/mbed-studio-tools/ac6/bin/../lib/armlib/c_p.l(libinit2.o)
    0x00000244   0x00000000   Code   RO         4251    .ARM.Collect$$libinit$$0000001F  /home/paok/.config/Mbed Studio/mbed-studio-tools/ac6/bin/../lib/armlib/c_p.l(libinit2.o)
    0x00000244   0x00000000   Code   RO         4253    .ARM.Collect$$libinit$$00000021  /home/paok/.config/Mbed Studio/mbed-studio-tools/ac6/bin/../lib/armlib/c_p.l(libinit2.o)
    0x00000244   0x00000000   Code   RO         4255    .ARM.Collect$$libinit$$00000023  /home/paok/.config/Mbed Studio/mbed-studio-tools/ac6/bin/../lib/armlib/c_p.l(libinit2.o)
    0x00000244   0x00000004   Code   RO         4256    .ARM.Collect$$libinit$$00000024  /home/paok/.config/Mbed Studio/mbed-studio-tools/ac6/bin/../lib/armlib/c_p.l(libinit2.o)
    0x00000248   0x00000000   Code   RO         4257    .ARM.Collect$$libinit$$00000025  /home/paok/.config/Mbed Studio/mbed-studio-tools/ac6/bin/../lib/armlib/c_p.l(libinit2.o)
    0x00000248   0x00000000   Code   RO         4261    .ARM.Collect$$libinit$$0000002C  /home/paok/.config/Mbed Studio/mbed-studio-tools/ac6/bin/../lib/armlib/c_p.l(libinit2.o)
    0x00000248   0x00000000   Code   RO         4263    .ARM.Collect$$libinit$$0000002E  /home/paok/.config/Mbed Studio/mbed-studio-tools/ac6/bin/../lib/armlib/c_p.l(libinit2.o)
    0x00000248   0x00000000   Code   RO         4265    .ARM.Collect$$libinit$$00000030  /home/paok/.config/Mbed Studio/mbed-studio-tools/ac6/bin/../lib/armlib/c_p.l(libinit2.o)
    0x00000248   0x00000004   Code   RO         4266    .ARM.Collect$$libinit$$00000031  /home/paok/.config/Mbed Studio/mbed-studio-tools/ac6/bin/../lib/armlib/c_p.l(libinit2.o)
    0x0000024c   0x00000000   Code   RO         4267    .ARM.Collect$$libinit$$00000032  /home/paok/.config/Mbed Studio/mbed-studio-tools/ac6/bin/../lib/armlib/c_p.l(libinit2.o)
    0x0000024c   0x00000002   Code   RO         4268    .ARM.Collect$$libinit$$00000033  /home/paok/.config/Mbed Studio/mbed-studio-tools/ac6/bin/../lib/armlib/c_p.l(libinit2.o)
    0x0000024e   0x00000000   Code   RO         4428    .ARM.Collect$$libshutdown$$00000004  /home/paok/.config/Mbed Studio/mbed-studio-tools/ac6/bin/../lib/armlib/c_p.l(libshutdown2.o)
    0x0000024e   0x00000000   Code   RO         4099    .ARM.Collect$$rtentry$$00000000  /home/paok/.config/Mbed Studio/mbed-studio-tools/ac6/bin/../lib/armlib/c_p.l(__rtentry.o)
    0x0000024e   0x00000000   Code   RO         4322    .ARM.Collect$$rtentry$$00000002  /home/paok/.config/Mbed Studio/mbed-studio-tools/ac6/bin/../lib/armlib/c_p.l(__rtentry2.o)
    0x0000024e   0x00000004   Code   RO         4336    .ARM.Collect$$rtentry$$00000007  /home/paok/.config/Mbed Studio/mbed-studio-tools/ac6/bin/../lib/armlib/c_p.l(__rtentry7.o)
    0x00000252   0x00000008   Code   RO         4323    .ARM.Collect$$rtentry$$00000008  /home/paok/.config/Mbed Studio/mbed-studio-tools/ac6/bin/../lib/armlib/c_p.l(__rtentry2.o)
    0x0000025a   0x00000004   Code   RO         4325    .ARM.Collect$$rtentry$$0000000A  /home/paok/.config/Mbed Studio/mbed-studio-tools/ac6/bin/../lib/armlib/c_p.l(__rtentry2.o)
    0x0000025e   0x00000000   Code   RO         4327    .ARM.Collect$$rtentry$$0000000C  /home/paok/.config/Mbed Studio/mbed-studio-tools/ac6/bin/../lib/armlib/c_p.l(__rtentry2.o)
    0x0000025e   0x00000008   Code   RO         4328    .ARM.Collect$$rtentry$$0000000D  /home/paok/.config/Mbed Studio/mbed-studio-tools/ac6/bin/../lib/armlib/c_p.l(__rtentry2.o)
    0x00000266   0x00000002   PAD
    0x00000268   0x00000004   Code   RO         4337    .ARM.Collect$$rtentry$$00002718  /home/paok/.config/Mbed Studio/mbed-studio-tools/ac6/bin/../lib/armlib/c_p.l(__rtentry7.o)
    0x0000026c   0x00000038   Code   RO         3985    .emb_text           /home/paok/.config/Mbed Studio/mbed-studio-tools/ac6/bin/../lib/armlib/c_p.l(rt_memcpy.o)
    0x000002a4   0x0000005c   Code   RO         1873    .text               BUILD/KL25Z/ARMC6/mbed-os/platform/source/TARGET_CORTEX_M/TOOLCHAIN_ARM/except.o
    0x00000300   0x0000001c   Code   RO         3348    .text               BUILD/KL25Z/ARMC6/mbed-os/targets/TARGET_Freescale/TARGET_KLXX/TARGET_KL25Z/device/TOOLCHAIN_ARM_STD/startup_MKL25Z4.o
    0x0000031c   0x00000002   Code   RO         3780    .text               /home/paok/.config/Mbed Studio/mbed-studio-tools/ac6/bin/../lib/armlib/c_p.l(use_no_semi_2.o)
    0x0000031e   0x00000002   PAD
    0x00000320   0x00000008   Code   RO         3782    .text               /home/paok/.config/Mbed Studio/mbed-studio-tools/ac6/bin/../lib/armlib/c_p.l(rt_errno_addr.o)
    0x00000328   0x00000062   Code   RO         3791    .text               /home/paok/.config/Mbed Studio/mbed-studio-tools/ac6/bin/../lib/armlib/c_p.l(h1_alloc.o)
    0x0000038a   0x0000004c   Code   RO         3793    .text               /home/paok/.config/Mbed Studio/mbed-studio-tools/ac6/bin/../lib/armlib/c_p.l(h1_free.o)
    0x000003d6   0x00000020   Code   RO         3849    .text               /home/paok/.config/Mbed Studio/mbed-studio-tools/ac6/bin/../lib/armlib/c_p.l(llshl.o)
    0x000003f6   0x00000006   Code   RO         4005    .text               /home/paok/.config/Mbed Studio/mbed-studio-tools/ac6/bin/../lib/armlib/c_p.l(heapauxi.o)
    0x000003fc   0x00000002   Code   RO         4095    .text               /home/paok/.config/Mbed Studio/mbed-studio-tools/ac6/bin/../lib/armlib/c_p.l(use_no_semi.o)
    0x000003fe   0x00000000   Code   RO         4345    .text               /home/paok/.config/Mbed Studio/mbed-studio-tools/ac6/bin/../lib/armlib/c_p.l(maybetermalloc1.o)
    0x000003fe   0x00000002   Code   RO         2532    .text.$Sub$$__cpp_initialize__aeabi_  BUILD/KL25Z/ARMC6/mbed-os/platform/source/mbed_sdk_boot.o
    0x00000400   0x00000010   Code   RO         3347    .ARM.__at_0x400     BUILD/KL25Z/ARMC6/mbed-os/targets/TARGET_Freescale/TARGET_KLXX/TARGET_KL25Z/device/TOOLCHAIN_ARM_STD/startup_MKL25Z4.o
    0x00000410   0x00000022   Code   RO         3851    .text               /home/paok/.config/Mbed Studio/mbed-studio-tools/ac6/bin/../lib/armlib/c_p.l(llushr.o)
    0x00000432   0x00000030   Code   RO         3853    .text               /home/paok/.config/Mbed Studio/mbed-studio-tools/ac6/bin/../lib/armlib/c_p.l(llmul.o)
    0x00000462   0x00000110   Code   RO         3857    .text               /home/paok/.config/Mbed Studio/mbed-studio-tools/ac6/bin/../lib/armlib/c_p.l(lludiv.o)
    0x00000572   0x00000002   PAD
    0x00000574   0x00000038   Code   RO         3863    .text               /home/paok/.config/Mbed Studio/mbed-studio-tools/ac6/bin/../lib/armlib/c_p.l(vsnprintf.o)
    0x000005ac   0x0000004e   Code   RO         3875    .text               /home/paok/.config/Mbed Studio/mbed-studio-tools/ac6/bin/../lib/armlib/c_p.l(_printf_pad.o)
    0x000005fa   0x00000052   Code   RO         3877    .text               /home/paok/.config/Mbed Studio/mbed-studio-tools/ac6/bin/../lib/armlib/c_p.l(_printf_str.o)
    0x0000064c   0x0000006c   Code   RO         3879    .text               /home/paok/.config/Mbed Studio/mbed-studio-tools/ac6/bin/../lib/armlib/c_p.l(_printf_dec.o)
    0x000006b8   0x00000098   Code   RO         3899    .text               /home/paok/.config/Mbed Studio/mbed-studio-tools/ac6/bin/../lib/armlib/c_p.l(_printf_hex_int_ll_ptr.o)
    0x00000750   0x00000188   Code   RO         3919    .text               /home/paok/.config/Mbed Studio/mbed-studio-tools/ac6/bin/../lib/armlib/c_p.l(__printf_flags_ss_wp.o)
    0x000008d8   0x0000014a   Code   RO         3933    .text               /home/paok/.config/Mbed Studio/mbed-studio-tools/ac6/bin/../lib/armlib/c_p.l(_scanf_int.o)
    0x00000a22   0x00000002   PAD
    0x00000a24   0x00000068   Code   RO         3935    .text               /home/paok/.config/Mbed Studio/mbed-studio-tools/ac6/bin/../lib/armlib/c_p.l(fflush.o)
    0x00000a8c   0x000000f4   Code   RO         3949    .text               /home/paok/.config/Mbed Studio/mbed-studio-tools/ac6/bin/../lib/armlib/c_p.l(fseek.o)
    0x00000b80   0x0000002c   Code   RO         3951    .text               /home/paok/.config/Mbed Studio/mbed-studio-tools/ac6/bin/../lib/armlib/c_p.l(puts.o)
    0x00000bac   0x000000f0   Code   RO         3953    .text               /home/paok/.config/Mbed Studio/mbed-studio-tools/ac6/bin/../lib/armlib/c_p.l(fopen.o)
    0x00000c9c   0x0000004c   Code   RO         3963    .text               /home/paok/.config/Mbed Studio/mbed-studio-tools/ac6/bin/../lib/armlib/c_p.l(fclose.o)
    0x00000ce8   0x00000020   Code   RO         3977    .text               /home/paok/.config/Mbed Studio/mbed-studio-tools/ac6/bin/../lib/armlib/c_p.l(strspn.o)
    0x00000d08   0x0000005a   Code   RO         3981    .text               /home/paok/.config/Mbed Studio/mbed-studio-tools/ac6/bin/../lib/armlib/c_p.l(memcmp.o)
    0x00000d62   0x00000002   PAD
    0x00000d64   0x00000044   Code   RO         3983    .text               /home/paok/.config/Mbed Studio/mbed-studio-tools/ac6/bin/../lib/armlib/c_p.l(strlen.o)
    0x00000da8   0x00000082   Code   RO         3986    .text               /home/paok/.config/Mbed Studio/mbed-studio-tools/ac6/bin/../lib/armlib/c_p.l(rt_memcpy.o)
    0x00000e2a   0x00000040   Code   RO         3991    .text               /home/paok/.config/Mbed Studio/mbed-studio-tools/ac6/bin/../lib/armlib/c_p.l(rt_memclr.o)
    0x00000e6a   0x00000002   PAD
    0x00000e6c   0x000000b0   Code   RO         3995    .text               /home/paok/.config/Mbed Studio/mbed-studio-tools/ac6/bin/../lib/armlib/c_p.l(strcmpv6m.o)
    0x00000f1c   0x000001f8   Code   RO         3997    .text               /home/paok/.config/Mbed Studio/mbed-studio-tools/ac6/bin/../lib/armlib/c_p.l(aeabi_sdivfast.o)
    0x00001114   0x00000024   Code   RO         4013    .text               /home/paok/.config/Mbed Studio/mbed-studio-tools/ac6/bin/../lib/armlib/c_p.l(init_aeabi.o)
    0x00001138   0x00000008   Code   RO         4108    .text               /home/paok/.config/Mbed Studio/mbed-studio-tools/ac6/bin/../lib/armlib/c_p.l(rt_heap_descriptor.o)
    0x00001140   0x00000004   Code   RO         4113    .text               /home/paok/.config/Mbed Studio/mbed-studio-tools/ac6/bin/../lib/armlib/c_p.l(hguard.o)
    0x00001144   0x00000088   Code   RO         4115    .text               /home/paok/.config/Mbed Studio/mbed-studio-tools/ac6/bin/../lib/armlib/c_p.l(init_alloc.o)
    0x000011cc   0x0000000e   Code   RO         4119    .text               /home/paok/.config/Mbed Studio/mbed-studio-tools/ac6/bin/../lib/armlib/c_p.l(h1_init.o)
    0x000011da   0x00000024   Code   RO         4135    .text               /home/paok/.config/Mbed Studio/mbed-studio-tools/ac6/bin/../lib/armlib/c_p.l(_printf_truncate.o)
    0x000011fe   0x000000b0   Code   RO         4137    .text               /home/paok/.config/Mbed Studio/mbed-studio-tools/ac6/bin/../lib/armlib/c_p.l(_printf_intcommon.o)
    0x000012ae   0x00000026   Code   RO         4139    .text               /home/paok/.config/Mbed Studio/mbed-studio-tools/ac6/bin/../lib/armlib/c_p.l(_printf_charcount.o)
    0x000012d4   0x00000030   Code   RO         4141    .text               /home/paok/.config/Mbed Studio/mbed-studio-tools/ac6/bin/../lib/armlib/c_p.l(_printf_char_common.o)
    0x00001304   0x0000000a   Code   RO         4143    .text               /home/paok/.config/Mbed Studio/mbed-studio-tools/ac6/bin/../lib/armlib/c_p.l(_sputc.o)
    0x0000130e   0x00000010   Code   RO         4145    .text               /home/paok/.config/Mbed Studio/mbed-studio-tools/ac6/bin/../lib/armlib/c_p.l(_snputc.o)
    0x0000131e   0x0000002e   Code   RO         4147    .text               /home/paok/.config/Mbed Studio/mbed-studio-tools/ac6/bin/../lib/armlib/c_p.l(_printf_char.o)
    0x0000134c   0x000000bc   Code   RO         4151    .text               /home/paok/.config/Mbed Studio/mbed-studio-tools/ac6/bin/../lib/armlib/c_p.l(_printf_wctomb.o)
    0x00001408   0x00000070   Code   RO         4154    .text               /home/paok/.config/Mbed Studio/mbed-studio-tools/ac6/bin/../lib/armlib/c_p.l(_printf_longlong_dec.o)
    0x00001478   0x00000070   Code   RO         4160    .text               /home/paok/.config/Mbed Studio/mbed-studio-tools/ac6/bin/../lib/armlib/c_p.l(_printf_oct_int_ll.o)
    0x000014e8   0x0000001e   Code   RO         4181    .text               /home/paok/.config/Mbed Studio/mbed-studio-tools/ac6/bin/../lib/armlib/c_p.l(_chval.o)
    0x00001506   0x00000002   PAD
    0x00001508   0x000001f0   Code   RO         4201    .text               /home/paok/.config/Mbed Studio/mbed-studio-tools/ac6/bin/../lib/armlib/c_p.l(flsbuf.o)
    0x000016f8   0x00000042   Code   RO         4203    .text               /home/paok/.config/Mbed Studio/mbed-studio-tools/ac6/bin/../lib/armlib/c_p.l(ftell.o)
    0x0000173a   0x00000002   PAD
    0x0000173c   0x0000004c   Code   RO         4205    .text               /home/paok/.config/Mbed Studio/mbed-studio-tools/ac6/bin/../lib/armlib/c_p.l(setvbuf.o)
    0x00001788   0x000000f0   Code   RO         4207    .text               /home/paok/.config/Mbed Studio/mbed-studio-tools/ac6/bin/../lib/armlib/c_p.l(stdio.o)
    0x00001878   0x0000013c   Code   RO         4210    .text               /home/paok/.config/Mbed Studio/mbed-studio-tools/ac6/bin/../lib/armlib/c_p.l(initio.o)
    0x000019b4   0x00000014   Code   RO         4218    .text               /home/paok/.config/Mbed Studio/mbed-studio-tools/ac6/bin/../lib/armlib/c_p.l(abort.o)
    0x000019c8   0x00000028   Code   RO         4220    .text               /home/paok/.config/Mbed Studio/mbed-studio-tools/ac6/bin/../lib/armlib/c_p.l(rtudiv10.o)
    0x000019f0   0x00000034   Code   RO         4347    .text               /home/paok/.config/Mbed Studio/mbed-studio-tools/ac6/bin/../lib/armlib/c_p.l(h1_extend.o)
    0x00001a24   0x0000007a   Code   RO         4351    .text               /home/paok/.config/Mbed Studio/mbed-studio-tools/ac6/bin/../lib/armlib/c_p.l(lludiv10.o)
    0x00001a9e   0x00000002   PAD
    0x00001aa0   0x00000414   Code   RO         4355    .text               /home/paok/.config/Mbed Studio/mbed-studio-tools/ac6/bin/../lib/armlib/c_p.l(_printf_fp_dec.o)
    0x00001eb4   0x000002d8   Code   RO         4359    .text               /home/paok/.config/Mbed Studio/mbed-studio-tools/ac6/bin/../lib/armlib/c_p.l(_printf_fp_hex.o)
    0x0000218c   0x0000002e   Code   RO         4366    .text               /home/paok/.config/Mbed Studio/mbed-studio-tools/ac6/bin/../lib/armlib/c_p.l(_printf_wchar.o)
    0x000021ba   0x00000042   Code   RO         4404    .text               /home/paok/.config/Mbed Studio/mbed-studio-tools/ac6/bin/../lib/armlib/c_p.l(_c16rtomb.o)
    0x000021fc   0x0000000c   Code   RO         4406    .text               /home/paok/.config/Mbed Studio/mbed-studio-tools/ac6/bin/../lib/armlib/c_p.l(defsig_abrt_outer.o)
    0x00002208   0x0000000c   Code   RO         4410    .text               /home/paok/.config/Mbed Studio/mbed-studio-tools/ac6/bin/../lib/armlib/c_p.l(defsig_rtred_outer.o)
    0x00002214   0x0000000c   Code   RO         4414    .text               /home/paok/.config/Mbed Studio/mbed-studio-tools/ac6/bin/../lib/armlib/c_p.l(defsig_rtmem_outer.o)
    0x00002220   0x00000010   Code   RO         4453    .text               /home/paok/.config/Mbed Studio/mbed-studio-tools/ac6/bin/../lib/armlib/c_p.l(rt_ctype_table.o)
    0x00002230   0x00000008   Code   RO         4457    .text               /home/paok/.config/Mbed Studio/mbed-studio-tools/ac6/bin/../lib/armlib/c_p.l(rt_locale.o)
    0x00002238   0x00000088   Code   RO         4464    .text               /home/paok/.config/Mbed Studio/mbed-studio-tools/ac6/bin/../lib/armlib/c_p.l(_printf_fp_infnan.o)
    0x000022c0   0x000000d8   Code   RO         4466    .text               /home/paok/.config/Mbed Studio/mbed-studio-tools/ac6/bin/../lib/armlib/c_p.l(bigflt0.o)
    0x00002398   0x00000580   Code   RO         4469    .text               /home/paok/.config/Mbed Studio/mbed-studio-tools/ac6/bin/../lib/armlib/c_p.l(btod.o)
    0x00002918   0x0000000c   Code   RO         4483    .text               /home/paok/.config/Mbed Studio/mbed-studio-tools/ac6/bin/../lib/armlib/c_p.l(defsig_exit.o)
    0x00002924   0x00000030   Code   RO         4485    .text               /home/paok/.config/Mbed Studio/mbed-studio-tools/ac6/bin/../lib/armlib/c_p.l(defsig_abrt_inner.o)
    0x00002954   0x00000034   Code   RO         4491    .text               /home/paok/.config/Mbed Studio/mbed-studio-tools/ac6/bin/../lib/armlib/c_p.l(defsig_rtred_inner.o)
    0x00002988   0x00000050   Code   RO         4493    .text               /home/paok/.config/Mbed Studio/mbed-studio-tools/ac6/bin/../lib/armlib/c_p.l(defsig_rtmem_inner.o)
    0x000029d8   0x00000034   Code   RO         4543    .text               /home/paok/.config/Mbed Studio/mbed-studio-tools/ac6/bin/../lib/armlib/c_p.l(defsig_general.o)
    0x00002a0c   0x0000002c   Code   RO         2358    .text.$Sub$$__rt_lib_init  BUILD/KL25Z/ARMC6/mbed-os/platform/source/mbed_retarget.o
    0x00002a38   0x0000004c   Code   RO         2538    .text.$Sub$$main    BUILD/KL25Z/ARMC6/mbed-os/platform/source/mbed_sdk_boot.o
    0x00002a84   0x00000010   Code   RO         3397    .text.NMI_Handler   BUILD/KL25Z/ARMC6/mbed-os/targets/TARGET_Freescale/TARGET_KLXX/TARGET_KL25Z/mbed_overrides.o
    0x00002a94   0x0000009c   Code   RO         3351    .text.SystemInit    BUILD/KL25Z/ARMC6/mbed-os/targets/TARGET_Freescale/TARGET_KLXX/TARGET_KL25Z/device/system_MKL25Z4.o
    0x00002b30   0x00000024   Code   RO           16    .text._Z11tpm_delayMsi  BUILD/KL25Z/ARMC6/main.o
    0x00002b54   0x00000024   Code   RO           10    .text._Z14proximity_initv  BUILD/KL25Z/ARMC6/main.o
    0x00002b78   0x00000014   Code   RO           12    .text._Z14proximity_readi  BUILD/KL25Z/ARMC6/main.o
    0x00002b8c   0x00000004   Code   RO           67    .text._Z21core_util_atomic_loadIN4rtos5MutexEEPT_PKS3_  BUILD/KL25Z/ARMC6/mbed-os/drivers/source/AnalogIn.o
    0x00002b90   0x00000004   Code   RO           71    .text._Z22core_util_atomic_storeIN4rtos5MutexEEvPPT_S3_  BUILD/KL25Z/ARMC6/mbed-os/drivers/source/AnalogIn.o
    0x00002b94   0x00000028   Code   RO            8    .text._Z8adc_initv  BUILD/KL25Z/ARMC6/main.o
    0x00002bbc   0x00000024   Code   RO         2300    .text._ZL11get_consolei  BUILD/KL25Z/ARMC6/mbed-os/platform/source/mbed_retarget.o
    0x00002be0   0x0000000c   Code   RO         2330    .text._ZL12convert_crlfi  BUILD/KL25Z/ARMC6/mbed-os/platform/source/mbed_retarget.o
    0x00002bec   0x0000003c   Code   RO         2450    .text._ZL15default_consolev  BUILD/KL25Z/ARMC6/mbed-os/platform/source/mbed_retarget.o
    0x00002c28   0x00000018   Code   RO         2322    .text._ZL18handle_open_errorsij  BUILD/KL25Z/ARMC6/mbed-os/platform/source/mbed_retarget.o
    0x00002c40   0x0000002e   Code   RO         2320    .text._ZL18openflags_to_posixi  BUILD/KL25Z/ARMC6/mbed-os/platform/source/mbed_retarget.o
    0x00002c6e   0x00000002   PAD
    0x00002c70   0x00000058   Code   RO         2304    .text._ZL18reserve_filehandlev  BUILD/KL25Z/ARMC6/mbed-os/platform/source/mbed_retarget.o
    0x00002cc8   0x00000008   Code   RO         2202    .text._ZL5sleepv    BUILD/KL25Z/ARMC6/mbed-os/platform/source/mbed_os_timer.o
    0x00002cd0   0x00000080   Code   RO          536    .text._ZL9gpio_readP6gpio_t  BUILD/KL25Z/ARMC6/mbed-os/drivers/source/InterruptIn.o
    0x00002d50   0x00000006   Code   RO         1596    .text._ZN4mbed10FileHandle12enable_inputEb  BUILD/KL25Z/ARMC6/mbed-os/platform/source/FileHandle.o
    0x00002d56   0x00000002   PAD
    0x00002d58   0x00000010   Code   RO         1051    .text._ZN4mbed10FileHandle12set_blockingEb  BUILD/KL25Z/ARMC6/mbed-os/drivers/source/UnbufferedSerial.o
    0x00002d68   0x00000006   Code   RO         1598    .text._ZN4mbed10FileHandle13enable_outputEb  BUILD/KL25Z/ARMC6/mbed-os/platform/source/FileHandle.o
    0x00002d6e   0x0000003e   Code   RO         1582    .text._ZN4mbed10FileHandle4sizeEv  BUILD/KL25Z/ARMC6/mbed-os/platform/source/FileHandle.o
    0x00002dac   0x00000004   Code   RO         1045    .text._ZN4mbed10FileHandle4syncEv  BUILD/KL25Z/ARMC6/mbed-os/drivers/source/UnbufferedSerial.o
    0x00002db0   0x0000000e   Code   RO          213    .text._ZN4mbed10FileHandle4tellEv  BUILD/KL25Z/ARMC6/mbed-os/drivers/source/BufferedSerial.o
    0x00002dbe   0x00000002   Code   RO         1055    .text._ZN4mbed10FileHandle5sigioENS_8CallbackIFvvEEE  BUILD/KL25Z/ARMC6/mbed-os/drivers/source/UnbufferedSerial.o
    0x00002dc0   0x00000004   Code   RO         1594    .text._ZN4mbed10FileHandle6isattyEv  BUILD/KL25Z/ARMC6/mbed-os/platform/source/FileHandle.o
    0x00002dc4   0x0000000e   Code   RO          215    .text._ZN4mbed10FileHandle6rewindEv  BUILD/KL25Z/ARMC6/mbed-os/drivers/source/BufferedSerial.o
    0x00002dd2   0x00000006   Code   RO          217    .text._ZN4mbed10FileHandle8truncateEl  BUILD/KL25Z/ARMC6/mbed-os/drivers/source/BufferedSerial.o
    0x00002dd8   0x0000000c   Code   RO          181    .text._ZN4mbed10FileHandleC2Ev  BUILD/KL25Z/ARMC6/mbed-os/drivers/source/BufferedSerial.o
    0x00002de4   0x00000002   Code   RO         1592    .text._ZN4mbed10FileHandleD0Ev  BUILD/KL25Z/ARMC6/mbed-os/platform/source/FileHandle.o
    0x00002de6   0x00000002   Code   RO          191    .text._ZN4mbed10FileHandleD2Ev  BUILD/KL25Z/ARMC6/mbed-os/drivers/source/BufferedSerial.o
    0x00002de8   0x0000000a   Code   RO          822    .text._ZN4mbed10SerialBase10_base_getcEv  BUILD/KL25Z/ARMC6/mbed-os/drivers/source/SerialBase.o
    0x00002df2   0x0000000e   Code   RO          824    .text._ZN4mbed10SerialBase10_base_putcEi  BUILD/KL25Z/ARMC6/mbed-os/drivers/source/SerialBase.o
    0x00002e00   0x00000028   Code   RO          808    .text._ZN4mbed10SerialBase12_init_directEv  BUILD/KL25Z/ARMC6/mbed-os/drivers/source/SerialBase.o
    0x00002e28   0x0000001a   Code   RO          820    .text._ZN4mbed10SerialBase12_irq_handlerEj9SerialIrq  BUILD/KL25Z/ARMC6/mbed-os/drivers/source/SerialBase.o
    0x00002e42   0x000000a8   Code   RO          828    .text._ZN4mbed10SerialBase12enable_inputEb  BUILD/KL25Z/ARMC6/mbed-os/drivers/source/SerialBase.o
    0x00002eea   0x000000a8   Code   RO          830    .text._ZN4mbed10SerialBase13enable_outputEb  BUILD/KL25Z/ARMC6/mbed-os/drivers/source/SerialBase.o
    0x00002f92   0x00000002   Code   RO          838    .text._ZN4mbed10SerialBase4lockEv  BUILD/KL25Z/ARMC6/mbed-os/drivers/source/SerialBase.o
    0x00002f94   0x000000ae   Code   RO          818    .text._ZN4mbed10SerialBase6attachENS_8CallbackIFvvEEENS0_7IrqTypeE  BUILD/KL25Z/ARMC6/mbed-os/drivers/source/SerialBase.o
    0x00003042   0x00000002   Code   RO          840    .text._ZN4mbed10SerialBase6unlockEv  BUILD/KL25Z/ARMC6/mbed-os/drivers/source/SerialBase.o
    0x00003044   0x0000000a   Code   RO          826    .text._ZN4mbed10SerialBase7_deinitEv  BUILD/KL25Z/ARMC6/mbed-os/drivers/source/SerialBase.o
    0x0000304e   0x00000022   Code   RO          814    .text._ZN4mbed10SerialBase8readableEv  BUILD/KL25Z/ARMC6/mbed-os/drivers/source/SerialBase.o
    0x00003070   0x00000022   Code   RO          816    .text._ZN4mbed10SerialBase9writeableEv  BUILD/KL25Z/ARMC6/mbed-os/drivers/source/SerialBase.o
    0x00003092   0x00000002   PAD
    0x00003094   0x00000064   Code   RO          806    .text._ZN4mbed10SerialBaseC2ERK15serial_pinmap_ti  BUILD/KL25Z/ARMC6/mbed-os/drivers/source/SerialBase.o
    0x000030f8   0x0000000c   Code   RO          844    .text._ZN4mbed10SerialBaseD0Ev  BUILD/KL25Z/ARMC6/mbed-os/drivers/source/SerialBase.o
    0x00003104   0x00000050   Code   RO          842    .text._ZN4mbed10SerialBaseD2Ev  BUILD/KL25Z/ARMC6/mbed-os/drivers/source/SerialBase.o
    0x00003154   0x00000014   Code   RO          972    .text._ZN4mbed10TimerEvent15insert_absoluteENSt3__26chrono10time_pointINS_15TickerDataClockENS2_8durationIxNS1_5ratioILx1ELx1000000EEEEEEE  BUILD/KL25Z/ARMC6/mbed-os/drivers/source/TimerEvent.o
    0x00003168   0x0000000a   Code   RO          962    .text._ZN4mbed10TimerEvent3irqEj  BUILD/KL25Z/ARMC6/mbed-os/drivers/source/TimerEvent.o
    0x00003172   0x0000000e   Code   RO          966    .text._ZN4mbed10TimerEvent6removeEv  BUILD/KL25Z/ARMC6/mbed-os/drivers/source/TimerEvent.o
    0x00003180   0x00000030   Code   RO          960    .text._ZN4mbed10TimerEventC2EPK13ticker_data_t  BUILD/KL25Z/ARMC6/mbed-os/drivers/source/TimerEvent.o
    0x000031b0   0x0000000a   Code   RO          534    .text._ZN4mbed11InterruptIn4readEv  BUILD/KL25Z/ARMC6/mbed-os/drivers/source/InterruptIn.o
    0x000031ba   0x0000000e   Code   RO          117    .text._ZN4mbed14BufferedSerial10api_unlockEv  BUILD/KL25Z/ARMC6/mbed-os/drivers/source/BufferedSerial.o
    0x000031c8   0x00000022   Code   RO          165    .text._ZN4mbed14BufferedSerial12enable_inputEb  BUILD/KL25Z/ARMC6/mbed-os/drivers/source/BufferedSerial.o
    0x000031ea   0x0000000a   Code   RO          209    .text._ZN4mbed14BufferedSerial12set_blockingEb  BUILD/KL25Z/ARMC6/mbed-os/drivers/source/BufferedSerial.o
    0x000031f4   0x00000022   Code   RO          169    .text._ZN4mbed14BufferedSerial13enable_outputEb  BUILD/KL25Z/ARMC6/mbed-os/drivers/source/BufferedSerial.o
    0x00003216   0x00000002   PAD
    0x00003218   0x0000005c   Code   RO           93    .text._ZN4mbed14BufferedSerial13update_rx_irqEv  BUILD/KL25Z/ARMC6/mbed-os/drivers/source/BufferedSerial.o
    0x00003274   0x0000005c   Code   RO          147    .text._ZN4mbed14BufferedSerial13update_tx_irqEv  BUILD/KL25Z/ARMC6/mbed-os/drivers/source/BufferedSerial.o
    0x000032d0   0x00000028   Code   RO          161    .text._ZN4mbed14BufferedSerial14disable_rx_irqEv  BUILD/KL25Z/ARMC6/mbed-os/drivers/source/BufferedSerial.o
    0x000032f8   0x0000002c   Code   RO          163    .text._ZN4mbed14BufferedSerial14disable_tx_irqEv  BUILD/KL25Z/ARMC6/mbed-os/drivers/source/BufferedSerial.o
    0x00003324   0x0000003e   Code   RO          141    .text._ZN4mbed14BufferedSerial16write_unbufferedEPKcj  BUILD/KL25Z/ARMC6/mbed-os/drivers/source/BufferedSerial.o
    0x00003362   0x00000002   PAD
    0x00003364   0x0000008c   Code   RO          151    .text._ZN4mbed14BufferedSerial4readEPvj  BUILD/KL25Z/ARMC6/mbed-os/drivers/source/BufferedSerial.o
    0x000033f0   0x00000008   Code   RO          127    .text._ZN4mbed14BufferedSerial4seekEli  BUILD/KL25Z/ARMC6/mbed-os/drivers/source/BufferedSerial.o
    0x000033f8   0x0000003e   Code   RO          131    .text._ZN4mbed14BufferedSerial4syncEv  BUILD/KL25Z/ARMC6/mbed-os/drivers/source/BufferedSerial.o
    0x00003436   0x0000001a   Code   RO          107    .text._ZN4mbed14BufferedSerial4wakeEv  BUILD/KL25Z/ARMC6/mbed-os/drivers/source/BufferedSerial.o
    0x00003450   0x00000004   Code   RO          119    .text._ZN4mbed14BufferedSerial5closeEv  BUILD/KL25Z/ARMC6/mbed-os/drivers/source/BufferedSerial.o
    0x00003454   0x00000044   Code   RO          135    .text._ZN4mbed14BufferedSerial5sigioENS_8CallbackIFvvEEE  BUILD/KL25Z/ARMC6/mbed-os/drivers/source/BufferedSerial.o
    0x00003498   0x000000bc   Code   RO          145    .text._ZN4mbed14BufferedSerial5writeEPKvj  BUILD/KL25Z/ARMC6/mbed-os/drivers/source/BufferedSerial.o
    0x00003554   0x00000004   Code   RO          123    .text._ZN4mbed14BufferedSerial6isattyEv  BUILD/KL25Z/ARMC6/mbed-os/drivers/source/BufferedSerial.o
    0x00003558   0x0000006c   Code   RO          159    .text._ZN4mbed14BufferedSerial6rx_irqEv  BUILD/KL25Z/ARMC6/mbed-os/drivers/source/BufferedSerial.o
    0x000035c4   0x00000074   Code   RO          143    .text._ZN4mbed14BufferedSerial6tx_irqEv  BUILD/KL25Z/ARMC6/mbed-os/drivers/source/BufferedSerial.o
    0x00003638   0x0000000e   Code   RO          115    .text._ZN4mbed14BufferedSerial8api_lockEv  BUILD/KL25Z/ARMC6/mbed-os/drivers/source/BufferedSerial.o
    0x00003646   0x00000002   PAD
    0x00003648   0x0000005c   Code   RO           95    .text._ZN4mbed14BufferedSerialC2ERK15serial_pinmap_ti  BUILD/KL25Z/ARMC6/mbed-os/drivers/source/BufferedSerial.o
    0x000036a4   0x0000000c   Code   RO          101    .text._ZN4mbed14BufferedSerialD0Ev  BUILD/KL25Z/ARMC6/mbed-os/drivers/source/BufferedSerial.o
    0x000036b0   0x00000054   Code   RO           97    .text._ZN4mbed14BufferedSerialD2Ev  BUILD/KL25Z/ARMC6/mbed-os/drivers/source/BufferedSerial.o
    0x00003704   0x0000006c   Code   RO          253    .text._ZN4mbed14CircularBufferIcLj256EjE16incrementCounterEjj  BUILD/KL25Z/ARMC6/mbed-os/drivers/source/BufferedSerial.o
    0x00003770   0x00000042   Code   RO          205    .text._ZN4mbed14CircularBufferIcLj256EjE3popERc  BUILD/KL25Z/ARMC6/mbed-os/drivers/source/BufferedSerial.o
    0x000037b2   0x0000003e   Code   RO          203    .text._ZN4mbed14CircularBufferIcLj256EjE4pushERKc  BUILD/KL25Z/ARMC6/mbed-os/drivers/source/BufferedSerial.o
    0x000037f0   0x00000010   Code   RO          183    .text._ZN4mbed14CircularBufferIcLj256EjEC2Ev  BUILD/KL25Z/ARMC6/mbed-os/drivers/source/BufferedSerial.o
    0x00003800   0x00000002   Code   RO          189    .text._ZN4mbed14CircularBufferIcLj256EjED2Ev  BUILD/KL25Z/ARMC6/mbed-os/drivers/source/BufferedSerial.o
    0x00003802   0x0000000a   Code   RO          983    .text._ZN4mbed15TickerDataClock11set_handlerEPFvjE  BUILD/KL25Z/ARMC6/mbed-os/drivers/source/TimerEvent.o
    0x0000380c   0x00000012   Code   RO          987    .text._ZN4mbed15TickerDataClock12insert_eventEP14ticker_event_sNSt3__26chrono10time_pointIS0_NS4_8durationIxNS3_5ratioILx1ELx1000000EEEEEEEj  BUILD/KL25Z/ARMC6/mbed-os/drivers/source/TimerEvent.o
    0x0000381e   0x0000000a   Code   RO          989    .text._ZN4mbed15TickerDataClock12remove_eventEP14ticker_event_s  BUILD/KL25Z/ARMC6/mbed-os/drivers/source/TimerEvent.o
    0x00003828   0x00000004   Code   RO          951    .text._ZN4mbed15TickerDataClockC2EPK13ticker_data_t  BUILD/KL25Z/ARMC6/mbed-os/drivers/source/Timer.o
    0x0000382c   0x0000002c   Code   RO         2298    .text._ZN4mbed16mbed_file_handleEi  BUILD/KL25Z/ARMC6/mbed-os/platform/source/mbed_retarget.o
    0x00003858   0x0000000c   Code   RO         1522    .text._ZN4mbed19CriticalSectionLockC2Ev  BUILD/KL25Z/ARMC6/mbed-os/platform/source/CriticalSectionLock.o
    0x00003864   0x0000000c   Code   RO         1524    .text._ZN4mbed19CriticalSectionLockD2Ev  BUILD/KL25Z/ARMC6/mbed-os/platform/source/CriticalSectionLock.o
    0x00003870   0x00000004   Code   RO         2296    .text._ZN4mbed21mbed_override_consoleEi  BUILD/KL25Z/ARMC6/mbed-os/platform/source/mbed_retarget.o
    0x00003874   0x00000004   Code   RO         2294    .text._ZN4mbed28mbed_target_override_consoleEi  BUILD/KL25Z/ARMC6/mbed-os/platform/source/mbed_retarget.o
    0x00003878   0x0000000c   Code   RO          562    .text._ZN4mbed6detail12CallbackBase5clearEv  BUILD/KL25Z/ARMC6/mbed-os/drivers/source/InterruptIn.o
    0x00003884   0x00000004   Code   RO          564    .text._ZN4mbed6detail12CallbackBase7controlEv  BUILD/KL25Z/ARMC6/mbed-os/drivers/source/InterruptIn.o
    0x00003888   0x00000002   Code   RO          560    .text._ZN4mbed6detail12CallbackBase7destroyEv  BUILD/KL25Z/ARMC6/mbed-os/drivers/source/InterruptIn.o
    0x0000388a   0x00000006   Code   RO          223    .text._ZN4mbed6detail12CallbackBaseC2EDn  BUILD/KL25Z/ARMC6/mbed-os/drivers/source/BufferedSerial.o
    0x00003890   0x00000008   Code   RO          239    .text._ZN4mbed6detail8invoke_rIvRKMNS_14BufferedSerialEFvvEJRKPS2_ELi0EEET_OT0_DpOT1_  BUILD/KL25Z/ARMC6/mbed-os/drivers/source/BufferedSerial.o
    0x00003898   0x00000008   Code   RO          231    .text._ZN4mbed6detail8invoke_rIvRZNS_8CallbackIFvvEEC1IPNS_14BufferedSerialEMS6_FvvELi0EEET_T0_EUlvE_JELi0EEESA_OSB_DpOT1_  BUILD/KL25Z/ARMC6/mbed-os/drivers/source/BufferedSerial.o
    0x000038a0   0x00000008   Code   RO          229    .text._ZN4mbed8CallbackIFvvEE11target_callIZNS2_C1IPNS_14BufferedSerialEMS5_FvvELi0EEET_T0_EUlvE_EEvPKNS_6detail12CallbackBaseE  BUILD/KL25Z/ARMC6/mbed-os/drivers/source/BufferedSerial.o
    0x000038a8   0x00000018   Code   RO          227    .text._ZN4mbed8CallbackIFvvEE8generateIZNS2_C1IPNS_14BufferedSerialEMS5_FvvELi0EEET_T0_EUlvE_vEEvOS9_  BUILD/KL25Z/ARMC6/mbed-os/drivers/source/BufferedSerial.o
    0x000038c0   0x00000008   Code   RO          207    .text._ZN4mbed8CallbackIFvvEEC2EDn  BUILD/KL25Z/ARMC6/mbed-os/drivers/source/BufferedSerial.o
    0x000038c8   0x0000000a   Code   RO          185    .text._ZN4mbed8CallbackIFvvEEC2Ev  BUILD/KL25Z/ARMC6/mbed-os/drivers/source/BufferedSerial.o
    0x000038d2   0x00000022   Code   RO          225    .text._ZN4mbed8CallbackIFvvEEC2IPNS_14BufferedSerialEMS4_FvvELi0EEET_T0_  BUILD/KL25Z/ARMC6/mbed-os/drivers/source/BufferedSerial.o
    0x000038f4   0x00000012   Code   RO          558    .text._ZN4mbed8CallbackIFvvEEaSEDn  BUILD/KL25Z/ARMC6/mbed-os/drivers/source/InterruptIn.o
    0x00003906   0x00000004   Code   RO         1558    .text._ZN4mbed8FileBase11getPathTypeEv  BUILD/KL25Z/ARMC6/mbed-os/platform/source/FileBase.o
    0x0000390a   0x00000002   PAD
    0x0000390c   0x00000090   Code   RO         1564    .text._ZN4mbed8FileBase6lookupEPKcj  BUILD/KL25Z/ARMC6/mbed-os/platform/source/FileBase.o
    0x0000399c   0x0000001a   Code   RO         1609    .text._ZN4mbed8FilePath10fileSystemEv  BUILD/KL25Z/ARMC6/mbed-os/platform/source/FilePath.o
    0x000039b6   0x00000018   Code   RO         1607    .text._ZN4mbed8FilePath12isFileSystemEv  BUILD/KL25Z/ARMC6/mbed-os/platform/source/FilePath.o
    0x000039ce   0x0000001a   Code   RO         1613    .text._ZN4mbed8FilePath4fileEv  BUILD/KL25Z/ARMC6/mbed-os/platform/source/FilePath.o
    0x000039e8   0x00000008   Code   RO         1615    .text._ZN4mbed8FilePath6existsEv  BUILD/KL25Z/ARMC6/mbed-os/platform/source/FilePath.o
    0x000039f0   0x00000018   Code   RO         1611    .text._ZN4mbed8FilePath6isFileEv  BUILD/KL25Z/ARMC6/mbed-os/platform/source/FilePath.o
    0x00003a08   0x00000004   Code   RO         1605    .text._ZN4mbed8FilePath8fileNameEv  BUILD/KL25Z/ARMC6/mbed-os/platform/source/FilePath.o
    0x00003a0c   0x00000090   Code   RO         1603    .text._ZN4mbed8FilePathC2EPKc  BUILD/KL25Z/ARMC6/mbed-os/platform/source/FilePath.o
    0x00003a9c   0x00000008   Code   RO          193    .text._ZN4mbed8callbackINS_14BufferedSerialES1_vJEEENS_8CallbackIFT1_DpT2_EEEPT0_MT_FS3_S5_E  BUILD/KL25Z/ARMC6/mbed-os/drivers/source/BufferedSerial.o
    0x00003aa4   0x00000024   Code   RO         2194    .text._ZN4mbed8internal13init_os_timerEv  BUILD/KL25Z/ARMC6/mbed-os/platform/source/mbed_os_timer.o
    0x00003ac8   0x00000050   Code   RO         2215    .text._ZN4mbed8internal18do_sleep_operationINS0_18timed_predicate_opEEEvRT_  BUILD/KL25Z/ARMC6/mbed-os/platform/source/mbed_os_timer.o
    0x00003b18   0x0000001c   Code   RO         2229    .text._ZN4mbed8internal18timed_predicate_op13sleep_prepareEv  BUILD/KL25Z/ARMC6/mbed-os/platform/source/mbed_os_timer.o
    0x00003b34   0x00000020   Code   RO         2231    .text._ZN4mbed8internal18timed_predicate_op14sleep_preparedEv  BUILD/KL25Z/ARMC6/mbed-os/platform/source/mbed_os_timer.o
    0x00003b54   0x00000016   Code   RO         2213    .text._ZN4mbed8internal18timed_predicate_opC2ENSt3__26chrono10time_pointINS0_7OsClockENS3_8durationIxNS2_5ratioILx1ELx1000EEEEEEEPFbPvESB_  BUILD/KL25Z/ARMC6/mbed-os/platform/source/mbed_os_timer.o
    0x00003b6a   0x00000002   PAD
    0x00003b6c   0x00000010   Code   RO         2217    .text._ZN4mbed8internal18timed_predicate_opD2Ev  BUILD/KL25Z/ARMC6/mbed-os/platform/source/mbed_os_timer.o
    0x00003b7c   0x00000054   Code   RO         2200    .text._ZN4mbed8internal34do_timed_sleep_relative_or_foreverENSt3__26chrono8durationIjNS1_5ratioILx1ELx1000EEEEEPFbPvES7_  BUILD/KL25Z/ARMC6/mbed-os/platform/source/mbed_os_timer.o
    0x00003bd0   0x00000014   Code   RO         2233    .text._ZN4mbed8internal7OsClock13set_wake_timeENSt3__26chrono10time_pointIS1_NS3_8durationIxNS2_5ratioILx1ELx1000EEEEEEE  BUILD/KL25Z/ARMC6/mbed-os/platform/source/mbed_os_timer.o
    0x00003be4   0x0000001e   Code   RO         2225    .text._ZN4mbed8internal7OsClock3nowEv  BUILD/KL25Z/ARMC6/mbed-os/platform/source/mbed_os_timer.o
    0x00003c02   0x00000002   PAD
    0x00003c04   0x00000030   Code   RO         1738    .text._ZN4mbed8internal8SysTimerINSt3__25ratioILx1ELx1000EEELb1EE11cancel_wakeEv  BUILD/KL25Z/ARMC6/mbed-os/platform/source/SysTimer.o
    0x00003c34   0x000000a0   Code   RO         1742    .text._ZN4mbed8internal8SysTimerINSt3__25ratioILx1ELx1000EEELb1EE13set_wake_timeENS2_6chrono10time_pointIS5_NS6_8durationIyS4_EEEE  BUILD/KL25Z/ARMC6/mbed-os/platform/source/SysTimer.o
    0x00003cd4   0x00000016   Code   RO         1758    .text._ZN4mbed8internal8SysTimerINSt3__25ratioILx1ELx1000EEELb1EE14_schedule_tickEv  BUILD/KL25Z/ARMC6/mbed-os/platform/source/SysTimer.o
    0x00003cea   0x00000022   Code   RO         1776    .text._ZN4mbed8internal8SysTimerINSt3__25ratioILx1ELx1000EEELb1EE15_increment_tickEv  BUILD/KL25Z/ARMC6/mbed-os/platform/source/SysTimer.o
    0x00003d0c   0x00000010   Code   RO         1756    .text._ZN4mbed8internal8SysTimerINSt3__25ratioILx1ELx1000EEELb1EE16_set_irq_pendingEv  BUILD/KL25Z/ARMC6/mbed-os/platform/source/SysTimer.o
    0x00003d1c   0x00000068   Code   RO         1744    .text._ZN4mbed8internal8SysTimerINSt3__25ratioILx1ELx1000EEELb1EE19update_and_get_tickEv  BUILD/KL25Z/ARMC6/mbed-os/platform/source/SysTimer.o
    0x00003d84   0x00000040   Code   RO         1774    .text._ZN4mbed8internal8SysTimerINSt3__25ratioILx1ELx1000EEELb1EE7handlerEv  BUILD/KL25Z/ARMC6/mbed-os/platform/source/SysTimer.o
    0x00003dc4   0x00000038   Code   RO         1732    .text._ZN4mbed8internal8SysTimerINSt3__25ratioILx1ELx1000EEELb1EEC2EPK13ticker_data_t  BUILD/KL25Z/ARMC6/mbed-os/platform/source/SysTimer.o
    0x00003dfc   0x00000016   Code   RO          243    .text._ZN4mstd4impl6INVOKEIN4mbed14BufferedSerialEFvvERKPS3_JEEENSt3__29enable_ifIXaaaasr3std11is_functionIT0_EE5valuentsr3std10is_base_ofIT_NS8_5decayIT1_E4typeEEE5valuentsr20is_reference_wrapperISF_EE5valueEDTcldsdeclsr3stdE7forwardISD_Efp0_Efp_spclsr3stdE7forwardIT2_Efp1_EEEE4typeEMSB_SA_OSD_DpOSG_  BUILD/KL25Z/ARMC6/mbed-os/drivers/source/BufferedSerial.o
    0x00003e12   0x00000008   Code   RO          235    .text._ZN4mstd4impl6INVOKEIRZN4mbed8CallbackIFvvEEC1IPNS2_14BufferedSerialEMS7_FvvELi0EEET_T0_EUlvE_JEEENSt3__29enable_ifIXoontsr3std17is_member_pointerINSF_5decayISB_E4typeEEE5valueaasr3std24is_member_object_pointerISJ_EE5valuenesZfp0_Li1EEDTclclsr3stdE7forwardISB_Efp_Espclsr3stdE7forwardIT0_Efp0_EEEE4typeEOSB_DpOSK_  BUILD/KL25Z/ARMC6/mbed-os/drivers/source/BufferedSerial.o
    0x00003e1a   0x00000010   Code   RO          241    .text._ZN4mstd6invokeIRKMN4mbed14BufferedSerialEFvvEJRKPS2_EEENS_13invoke_resultIT_JDpT0_EE4typeEOSB_DpOSC_  BUILD/KL25Z/ARMC6/mbed-os/drivers/source/BufferedSerial.o
    0x00003e2a   0x00000008   Code   RO          233    .text._ZN4mstd6invokeIRZN4mbed8CallbackIFvvEEC1IPNS1_14BufferedSerialEMS6_FvvELi0EEET_T0_EUlvE_JEEENS_13invoke_resultISA_JDpT0_EE4typeEOSA_DpOSF_  BUILD/KL25Z/ARMC6/mbed-os/drivers/source/BufferedSerial.o
    0x00003e32   0x00000002   Code   RO           63    .text._ZN4rtos5Mutex4lockEv  BUILD/KL25Z/ARMC6/mbed-os/drivers/source/AnalogIn.o
    0x00003e34   0x00000002   Code   RO           73    .text._ZN4rtos5Mutex6unlockEv  BUILD/KL25Z/ARMC6/mbed-os/drivers/source/AnalogIn.o
    0x00003e36   0x00000002   Code   RO           69    .text._ZN4rtos5MutexC2Ev  BUILD/KL25Z/ARMC6/mbed-os/drivers/source/AnalogIn.o
    0x00003e38   0x00000002   Code   RO          187    .text._ZN4rtos5MutexD2Ev  BUILD/KL25Z/ARMC6/mbed-os/drivers/source/BufferedSerial.o
    0x00003e3a   0x00000002   PAD
    0x00003e3c   0x00000090   Code   RO           65    .text._ZNK12SingletonPtrIN4rtos5MutexEE3getEv  BUILD/KL25Z/ARMC6/mbed-os/drivers/source/AnalogIn.o
    0x00003ecc   0x00000008   Code   RO           61    .text._ZNK12SingletonPtrIN4rtos5MutexEEptEv  BUILD/KL25Z/ARMC6/mbed-os/drivers/source/AnalogIn.o
    0x00003ed4   0x00000004   Code   RO         1053    .text._ZNK4mbed10FileHandle11is_blockingEv  BUILD/KL25Z/ARMC6/mbed-os/drivers/source/UnbufferedSerial.o
    0x00003ed8   0x00000004   Code   RO         1600    .text._ZNK4mbed10FileHandle4pollEs  BUILD/KL25Z/ARMC6/mbed-os/platform/source/FileHandle.o
    0x00003edc   0x00000008   Code   RO          211    .text._ZNK4mbed14BufferedSerial11is_blockingEv  BUILD/KL25Z/ARMC6/mbed-os/drivers/source/BufferedSerial.o
    0x00003ee4   0x0000001a   Code   RO          155    .text._ZNK4mbed14BufferedSerial3hupEv  BUILD/KL25Z/ARMC6/mbed-os/drivers/source/BufferedSerial.o
    0x00003efe   0x00000034   Code   RO          137    .text._ZNK4mbed14BufferedSerial4pollEs  BUILD/KL25Z/ARMC6/mbed-os/drivers/source/BufferedSerial.o
    0x00003f32   0x0000001a   Code   RO          245    .text._ZNK4mbed14CircularBufferIcLj256EjE18non_critical_emptyEv  BUILD/KL25Z/ARMC6/mbed-os/drivers/source/BufferedSerial.o
    0x00003f4c   0x00000008   Code   RO          201    .text._ZNK4mbed14CircularBufferIcLj256EjE4fullEv  BUILD/KL25Z/ARMC6/mbed-os/drivers/source/BufferedSerial.o
    0x00003f54   0x00000018   Code   RO          195    .text._ZNK4mbed14CircularBufferIcLj256EjE5emptyEv  BUILD/KL25Z/ARMC6/mbed-os/drivers/source/BufferedSerial.o
    0x00003f6c   0x0000000e   Code   RO          888    .text._ZNK4mbed15TickerDataClock3nowEv  BUILD/KL25Z/ARMC6/mbed-os/drivers/source/Ticker.o
    0x00003f7a   0x00000004   Code   RO         1748    .text._ZNK4mbed15TickerDataClockptEv  BUILD/KL25Z/ARMC6/mbed-os/platform/source/SysTimer.o
    0x00003f7e   0x00000004   Code   RO          251    .text._ZNK4mbed6detail12CallbackBase7call_fnEv  BUILD/KL25Z/ARMC6/mbed-os/drivers/source/BufferedSerial.o
    0x00003f82   0x00000004   Code   RO          247    .text._ZNK4mbed6detail12CallbackBase7controlEv  BUILD/KL25Z/ARMC6/mbed-os/drivers/source/BufferedSerial.o
    0x00003f86   0x00000002   PAD
    0x00003f88   0x00000064   Code   RO          249    .text._ZNK4mbed8CallbackIFvvEE4callEv  BUILD/KL25Z/ARMC6/mbed-os/drivers/source/BufferedSerial.o
    0x00003fec   0x00000008   Code   RO          199    .text._ZNK4mbed8CallbackIFvvEEclEv  BUILD/KL25Z/ARMC6/mbed-os/drivers/source/BufferedSerial.o
    0x00003ff4   0x0000000e   Code   RO          197    .text._ZNK4mbed8CallbackIFvvEEcvbEv  BUILD/KL25Z/ARMC6/mbed-os/drivers/source/BufferedSerial.o
    0x00004002   0x00000002   PAD
    0x00004004   0x00000024   Code   RO         2227    .text._ZNK4mbed8internal18timed_predicate_op14wake_conditionEv  BUILD/KL25Z/ARMC6/mbed-os/platform/source/mbed_os_timer.o
    0x00004028   0x00000006   Code   RO         1752    .text._ZNK4mbed8internal8SysTimerINSt3__25ratioILx1ELx1000EEELb1EE13wake_time_setEv  BUILD/KL25Z/ARMC6/mbed-os/platform/source/SysTimer.o
    0x0000402e   0x00000066   Code   RO         1768    .text._ZNK4mbed8internal8SysTimerINSt3__25ratioILx1ELx1000EEELb1EE14_elapsed_ticksEv  BUILD/KL25Z/ARMC6/mbed-os/platform/source/SysTimer.o
    0x00004094   0x00000006   Code   RO         1750    .text._ZNK4mbed8internal8SysTimerINSt3__25ratioILx1ELx1000EEELb1EE16wake_time_passedEv  BUILD/KL25Z/ARMC6/mbed-os/platform/source/SysTimer.o
    0x0000409a   0x00000010   Code   RO         1746    .text._ZNK4mbed8internal8SysTimerINSt3__25ratioILx1ELx1000EEELb1EE8get_tickEv  BUILD/KL25Z/ARMC6/mbed-os/platform/source/SysTimer.o
    0x000040aa   0x0000000c   Code   RO          167    .text._ZThn76_N4mbed14BufferedSerial12enable_inputEb  BUILD/KL25Z/ARMC6/mbed-os/drivers/source/BufferedSerial.o
    0x000040b6   0x0000000a   Code   RO          219    .text._ZThn76_N4mbed14BufferedSerial12set_blockingEb  BUILD/KL25Z/ARMC6/mbed-os/drivers/source/BufferedSerial.o
    0x000040c0   0x0000000c   Code   RO          171    .text._ZThn76_N4mbed14BufferedSerial13enable_outputEb  BUILD/KL25Z/ARMC6/mbed-os/drivers/source/BufferedSerial.o
    0x000040cc   0x0000000a   Code   RO          153    .text._ZThn76_N4mbed14BufferedSerial4readEPvj  BUILD/KL25Z/ARMC6/mbed-os/drivers/source/BufferedSerial.o
    0x000040d6   0x00000002   PAD
    0x000040d8   0x00000008   Code   RO          129    .text._ZThn76_N4mbed14BufferedSerial4seekEli  BUILD/KL25Z/ARMC6/mbed-os/drivers/source/BufferedSerial.o
    0x000040e0   0x0000000c   Code   RO          133    .text._ZThn76_N4mbed14BufferedSerial4syncEv  BUILD/KL25Z/ARMC6/mbed-os/drivers/source/BufferedSerial.o
    0x000040ec   0x00000004   Code   RO          121    .text._ZThn76_N4mbed14BufferedSerial5closeEv  BUILD/KL25Z/ARMC6/mbed-os/drivers/source/BufferedSerial.o
    0x000040f0   0x00000012   Code   RO          139    .text._ZThn76_N4mbed14BufferedSerial5sigioENS_8CallbackIFvvEEE  BUILD/KL25Z/ARMC6/mbed-os/drivers/source/BufferedSerial.o
    0x00004102   0x0000000a   Code   RO          149    .text._ZThn76_N4mbed14BufferedSerial5writeEPKvj  BUILD/KL25Z/ARMC6/mbed-os/drivers/source/BufferedSerial.o
    0x0000410c   0x00000004   Code   RO          125    .text._ZThn76_N4mbed14BufferedSerial6isattyEv  BUILD/KL25Z/ARMC6/mbed-os/drivers/source/BufferedSerial.o
    0x00004110   0x0000000a   Code   RO          103    .text._ZThn76_N4mbed14BufferedSerialD0Ev  BUILD/KL25Z/ARMC6/mbed-os/drivers/source/BufferedSerial.o
    0x0000411a   0x0000000a   Code   RO           99    .text._ZThn76_N4mbed14BufferedSerialD1Ev  BUILD/KL25Z/ARMC6/mbed-os/drivers/source/BufferedSerial.o
    0x00004124   0x0000000a   Code   RO          221    .text._ZThn76_NK4mbed14BufferedSerial11is_blockingEv  BUILD/KL25Z/ARMC6/mbed-os/drivers/source/BufferedSerial.o
    0x0000412e   0x0000000c   Code   RO          157    .text._ZThn76_NK4mbed14BufferedSerial4pollEs  BUILD/KL25Z/ARMC6/mbed-os/drivers/source/BufferedSerial.o
    0x0000413a   0x0000000c   Code   RO          237    .text._ZZN4mbed8CallbackIFvvEEC1IPNS_14BufferedSerialEMS4_FvvELi0EEET_T0_ENKUlvE_clEv  BUILD/KL25Z/ARMC6/mbed-os/drivers/source/BufferedSerial.o
    0x00004146   0x00000008   Code   RO         2382    .text._ZdlPv        BUILD/KL25Z/ARMC6/mbed-os/platform/source/mbed_retarget.o
    0x0000414e   0x00000002   PAD
    0x00004150   0x0000001c   Code   RO         3435    .text.__NVIC_DisableIRQ  BUILD/KL25Z/ARMC6/mbed-os/targets/TARGET_Freescale/TARGET_KLXX/TARGET_KL25Z/serial_api.o
    0x0000416c   0x00000010   Code   RO         3433    .text.__NVIC_EnableIRQ  BUILD/KL25Z/ARMC6/mbed-os/targets/TARGET_Freescale/TARGET_KLXX/TARGET_KL25Z/serial_api.o
    0x0000417c   0x00000010   Code   RO         3762    .text.__NVIC_EnableIRQ  BUILD/KL25Z/ARMC6/mbed-os/targets/TARGET_Freescale/TARGET_KLXX/us_ticker.o
    0x0000418c   0x00000010   Code   RO         3752    .text.__NVIC_SetPendingIRQ  BUILD/KL25Z/ARMC6/mbed-os/targets/TARGET_Freescale/TARGET_KLXX/us_ticker.o
    0x0000419c   0x00000010   Code   RO         3431    .text.__NVIC_SetVector  BUILD/KL25Z/ARMC6/mbed-os/targets/TARGET_Freescale/TARGET_KLXX/TARGET_KL25Z/serial_api.o
    0x000041ac   0x00000014   Code   RO         3758    .text.__NVIC_SetVector  BUILD/KL25Z/ARMC6/mbed-os/targets/TARGET_Freescale/TARGET_KLXX/us_ticker.o
    0x000041c0   0x00000054   Code   RO         2424    .text.__cxa_guard_acquire  BUILD/KL25Z/ARMC6/mbed-os/platform/source/mbed_retarget.o
    0x00004214   0x0000002c   Code   RO         2426    .text.__cxa_guard_release  BUILD/KL25Z/ARMC6/mbed-os/platform/source/mbed_retarget.o
    0x00004240   0x00000028   Code   RO         4087    .text.__cxa_pure_virtual  /home/paok/.config/Mbed Studio/mbed-studio-tools/ac6/bin/../lib/libcxx/libcppabi_p.l(cxa_virtual.cpp.o)
    0x00004268   0x00000008   Code   RO         2360    .text.__user_setup_stackheap  BUILD/KL25Z/ARMC6/mbed-os/platform/source/mbed_retarget.o
    0x00004270   0x00000022   Code   RO         1180    .text._gpio_init_in  BUILD/KL25Z/ARMC6/mbed-os/hal/source/mbed_gpio.o
    0x00004292   0x00000002   PAD
    0x00004294   0x0000002c   Code   RO         2356    .text._mbed_user_setup_stackheap  BUILD/KL25Z/ARMC6/mbed-os/platform/source/mbed_retarget.o
    0x000042c0   0x00000008   Code   RO         2536    .text._platform_post_stackheap_init  BUILD/KL25Z/ARMC6/mbed-os/platform/source/mbed_sdk_boot.o
    0x000042c8   0x00000008   Code   RO         2324    .text._sys_close    BUILD/KL25Z/ARMC6/mbed-os/platform/source/mbed_retarget.o
    0x000042d0   0x00000002   Code   RO         2334    .text._sys_exit     BUILD/KL25Z/ARMC6/mbed-os/platform/source/mbed_retarget.o
    0x000042d2   0x00000002   PAD
    0x000042d4   0x00000028   Code   RO         2354    .text._sys_flen     BUILD/KL25Z/ARMC6/mbed-os/platform/source/mbed_retarget.o
    0x000042fc   0x00000008   Code   RO         2342    .text._sys_istty    BUILD/KL25Z/ARMC6/mbed-os/platform/source/mbed_retarget.o
    0x00004304   0x00000078   Code   RO         2316    .text._sys_open     BUILD/KL25Z/ARMC6/mbed-os/platform/source/mbed_retarget.o
    0x0000437c   0x0000000a   Code   RO         2344    .text._sys_seek     BUILD/KL25Z/ARMC6/mbed-os/platform/source/mbed_retarget.o
    0x00004386   0x00000002   PAD
    0x00004388   0x00000104   Code   RO         2328    .text._sys_write    BUILD/KL25Z/ARMC6/mbed-os/platform/source/mbed_retarget.o
    0x0000448c   0x00000044   Code   RO         1274    .text._ticker_match_interval_passed  BUILD/KL25Z/ARMC6/mbed-os/hal/source/mbed_ticker_api.o
    0x000044d0   0x00000014   Code   RO         2336    .text._ttywrch      BUILD/KL25Z/ARMC6/mbed-os/platform/source/mbed_retarget.o
    0x000044e4   0x00000004   Code   RO         4318    .text.abort_message  /home/paok/.config/Mbed Studio/mbed-studio-tools/ac6/bin/../lib/libcxx/libcppabi_p.l(abort_message.cpp.o)
    0x000044e8   0x0000000e   Code   RO         1158    .text.are_interrupts_enabled  BUILD/KL25Z/ARMC6/mbed-os/hal/source/mbed_critical_section_api.o
    0x000044f6   0x00000002   PAD
    0x000044f8   0x00000018   Code   RO         3417    .text.bus_frequency  BUILD/KL25Z/ARMC6/mbed-os/targets/TARGET_Freescale/TARGET_KLXX/TARGET_KL25Z/serial_api.o
    0x00004510   0x00000018   Code   RO         3756    .text.bus_frequency  BUILD/KL25Z/ARMC6/mbed-os/targets/TARGET_Freescale/TARGET_KLXX/us_ticker.o
    0x00004528   0x00000040   Code   RO         2326    .text.close         BUILD/KL25Z/ARMC6/mbed-os/platform/source/mbed_retarget.o
    0x00004568   0x00000074   Code   RO         1314    .text.compute_tick_round_up  BUILD/KL25Z/ARMC6/mbed-os/hal/source/mbed_ticker_api.o
    0x000045dc   0x0000000e   Code   RO         2044    .text.core_util_are_interrupts_enabled  BUILD/KL25Z/ARMC6/mbed-os/platform/source/mbed_critical.o
    0x000045ea   0x0000001a   Code   RO         1949    .text.core_util_atomic_decr_u16  BUILD/KL25Z/ARMC6/mbed-os/platform/source/mbed_atomic_impl.o
    0x00004604   0x00000016   Code   RO         1931    .text.core_util_atomic_exchange_u8  BUILD/KL25Z/ARMC6/mbed-os/platform/source/mbed_atomic_impl.o
    0x0000461a   0x0000001a   Code   RO         1925    .text.core_util_atomic_flag_test_and_set  BUILD/KL25Z/ARMC6/mbed-os/platform/source/mbed_atomic_impl.o
    0x00004634   0x0000001a   Code   RO         1941    .text.core_util_atomic_incr_u16  BUILD/KL25Z/ARMC6/mbed-os/platform/source/mbed_atomic_impl.o
    0x0000464e   0x00000016   Code   RO         1927    .text.core_util_atomic_load_u64  BUILD/KL25Z/ARMC6/mbed-os/platform/source/mbed_atomic_impl.o
    0x00004664   0x00000080   Code   RO         2050    .text.core_util_critical_section_enter  BUILD/KL25Z/ARMC6/mbed-os/platform/source/mbed_critical.o
    0x000046e4   0x0000001c   Code   RO         2052    .text.core_util_critical_section_exit  BUILD/KL25Z/ARMC6/mbed-os/platform/source/mbed_critical.o
    0x00004700   0x00000008   Code   RO         2048    .text.core_util_in_critical_section  BUILD/KL25Z/ARMC6/mbed-os/platform/source/mbed_critical.o
    0x00004708   0x0000000a   Code   RO         2046    .text.core_util_is_isr_active  BUILD/KL25Z/ARMC6/mbed-os/platform/source/mbed_critical.o
    0x00004712   0x00000012   Code   RO         1312    .text.exact_log2    BUILD/KL25Z/ARMC6/mbed-os/hal/source/mbed_ticker_api.o
    0x00004724   0x00000038   Code   RO         2400    .text.exit          BUILD/KL25Z/ARMC6/mbed-os/platform/source/mbed_retarget.o
    0x0000475c   0x000000a4   Code   RO         3415    .text.extosc_frequency  BUILD/KL25Z/ARMC6/mbed-os/targets/TARGET_Freescale/TARGET_KLXX/TARGET_KL25Z/serial_api.o
    0x00004800   0x000000a4   Code   RO         3764    .text.extosc_frequency  BUILD/KL25Z/ARMC6/mbed-os/targets/TARGET_Freescale/TARGET_KLXX/us_ticker.o
    0x000048a4   0x00000030   Code   RO         2352    .text.fsync         BUILD/KL25Z/ARMC6/mbed-os/platform/source/mbed_retarget.o
    0x000048d4   0x00000014   Code   RO         1310    .text.gcd           BUILD/KL25Z/ARMC6/mbed-os/hal/source/mbed_ticker_api.o
    0x000048e8   0x00000008   Code   RO         1324    .text.get_us_ticker_data  BUILD/KL25Z/ARMC6/mbed-os/hal/source/mbed_us_ticker_api.o
    0x000048f0   0x00000050   Code   RO         3575    .text.gpio_dir      BUILD/KL25Z/ARMC6/mbed-os/targets/TARGET_Freescale/TARGET_KLXX/gpio_api.o
    0x00004940   0x00000040   Code   RO         3571    .text.gpio_init     BUILD/KL25Z/ARMC6/mbed-os/targets/TARGET_Freescale/TARGET_KLXX/gpio_api.o
    0x00004980   0x0000000a   Code   RO         1176    .text.gpio_init_in  BUILD/KL25Z/ARMC6/mbed-os/hal/source/mbed_gpio.o
    0x0000498a   0x00000008   Code   RO         1178    .text.gpio_init_in_ex  BUILD/KL25Z/ARMC6/mbed-os/hal/source/mbed_gpio.o
    0x00004992   0x0000000c   Code   RO         3573    .text.gpio_mode     BUILD/KL25Z/ARMC6/mbed-os/targets/TARGET_Freescale/TARGET_KLXX/gpio_api.o
    0x0000499e   0x00000002   PAD
    0x000049a0   0x00000040   Code   RO         3569    .text.gpio_set      BUILD/KL25Z/ARMC6/mbed-os/targets/TARGET_Freescale/TARGET_KLXX/gpio_api.o
    0x000049e0   0x0000001c   Code   RO         1156    .text.hal_critical_section_enter  BUILD/KL25Z/ARMC6/mbed-os/hal/source/mbed_critical_section_api.o
    0x000049fc   0x00000080   Code   RO         1160    .text.hal_critical_section_exit  BUILD/KL25Z/ARMC6/mbed-os/hal/source/mbed_critical_section_api.o
    0x00004a7c   0x0000000c   Code   RO         1162    .text.hal_in_critical_section  BUILD/KL25Z/ARMC6/mbed-os/hal/source/mbed_critical_section_api.o
    0x00004a88   0x00000018   Code   RO         3720    .text.hal_sleep     BUILD/KL25Z/ARMC6/mbed-os/targets/TARGET_Freescale/TARGET_KLXX/sleep.o
    0x00004aa0   0x0000009c   Code   RO         2064    .text.handle_error  BUILD/KL25Z/ARMC6/mbed-os/platform/source/mbed_error.o
    0x00004b3c   0x0000014c   Code   RO         1278    .text.initialize    BUILD/KL25Z/ARMC6/mbed-os/hal/source/mbed_ticker_api.o
    0x00004c88   0x00000060   Code   RO         1292    .text.insert_event  BUILD/KL25Z/ARMC6/mbed-os/hal/source/mbed_ticker_api.o
    0x00004ce8   0x00000028   Code   RO         2308    .text.isatty        BUILD/KL25Z/ARMC6/mbed-os/platform/source/mbed_retarget.o
    0x00004d10   0x000000e4   Code   RO         3740    .text.lptmr_init    BUILD/KL25Z/ARMC6/mbed-os/targets/TARGET_Freescale/TARGET_KLXX/us_ticker.o
    0x00004df4   0x00000050   Code   RO         3760    .text.lptmr_isr     BUILD/KL25Z/ARMC6/mbed-os/targets/TARGET_Freescale/TARGET_KLXX/us_ticker.o
    0x00004e44   0x00000020   Code   RO         3748    .text.lptmr_set     BUILD/KL25Z/ARMC6/mbed-os/targets/TARGET_Freescale/TARGET_KLXX/us_ticker.o
    0x00004e64   0x00000034   Code   RO         2346    .text.lseek         BUILD/KL25Z/ARMC6/mbed-os/platform/source/mbed_retarget.o
    0x00004e98   0x00000020   Code   RO           18    .text.main          BUILD/KL25Z/ARMC6/main.o
    0x00004eb8   0x00000014   Code   RO         1916    .text.mbed_assert_internal  BUILD/KL25Z/ARMC6/mbed-os/platform/source/mbed_assert.o
    0x00004ecc   0x00000020   Code   RO         2528    .text.mbed_copy_nvic  BUILD/KL25Z/ARMC6/mbed-os/platform/source/mbed_sdk_boot.o
    0x00004eec   0x00000006   Code   RO         2027    .text.mbed_die      BUILD/KL25Z/ARMC6/mbed-os/platform/source/mbed_board.o
    0x00004ef2   0x00000002   PAD
    0x00004ef4   0x00000034   Code   RO         2086    .text.mbed_error    BUILD/KL25Z/ARMC6/mbed-os/platform/source/mbed_error.o
    0x00004f28   0x00000002   Code   RO         2070    .text.mbed_error_hook  BUILD/KL25Z/ARMC6/mbed-os/platform/source/mbed_error.o
    0x00004f2a   0x00000004   Code   RO         2074    .text.mbed_error_initialize  BUILD/KL25Z/ARMC6/mbed-os/platform/source/mbed_error.o
    0x00004f2e   0x00000002   PAD
    0x00004f30   0x00000014   Code   RO         2104    .text.mbed_error_is_hw_fault  BUILD/KL25Z/ARMC6/mbed-os/platform/source/mbed_error.o
    0x00004f44   0x0000001c   Code   RO         2029    .text.mbed_error_printf  BUILD/KL25Z/ARMC6/mbed-os/platform/source/mbed_board.o
    0x00004f60   0x0000004e   Code   RO         2033    .text.mbed_error_puts  BUILD/KL25Z/ARMC6/mbed-os/platform/source/mbed_board.o
    0x00004fae   0x00000002   PAD
    0x00004fb0   0x00000034   Code   RO         2031    .text.mbed_error_vprintf  BUILD/KL25Z/ARMC6/mbed-os/platform/source/mbed_board.o
    0x00004fe4   0x000000e8   Code   RO         1876    .text.mbed_fault_handler  BUILD/KL25Z/ARMC6/mbed-os/platform/source/TARGET_CORTEX_M/mbed_fault_handler.o
    0x000050cc   0x00000034   Code   RO         2068    .text.mbed_halt_system  BUILD/KL25Z/ARMC6/mbed-os/platform/source/mbed_error.o
    0x00005100   0x0000000c   Code   RO         2530    .text.mbed_init     BUILD/KL25Z/ARMC6/mbed-os/platform/source/mbed_sdk_boot.o
    0x0000510c   0x00000008   Code   RO         2122    .text.mbed_interface_connected  BUILD/KL25Z/ARMC6/mbed-os/platform/source/mbed_interface.o
    0x00005114   0x00000002   Code   RO         2522    .text.mbed_main     BUILD/KL25Z/ARMC6/mbed-os/platform/source/mbed_sdk_boot.o
    0x00005116   0x00000002   Code   RO         2524    .text.mbed_sdk_init  BUILD/KL25Z/ARMC6/mbed-os/platform/source/mbed_sdk_boot.o
    0x00005118   0x00000008   Code   RO         2534    .text.mbed_toolchain_init  BUILD/KL25Z/ARMC6/mbed-os/platform/source/mbed_sdk_boot.o
    0x00005120   0x00000044   Code   RO         3407    .text.mcgpllfll_frequency  BUILD/KL25Z/ARMC6/mbed-os/targets/TARGET_Freescale/TARGET_KLXX/TARGET_KL25Z/serial_api.o
    0x00005164   0x00000010   Code   RO         1332    .text.note_us_ticker_free  BUILD/KL25Z/ARMC6/mbed-os/hal/source/mbed_us_ticker_api.o
    0x00005174   0x00000014   Code   RO         1330    .text.note_us_ticker_init  BUILD/KL25Z/ARMC6/mbed-os/hal/source/mbed_us_ticker_api.o
    0x00005188   0x00000094   Code   RO         2318    .text.open          BUILD/KL25Z/ARMC6/mbed-os/platform/source/mbed_retarget.o
    0x0000521c   0x00000048   Code   RO         3647    .text.pin_function  BUILD/KL25Z/ARMC6/mbed-os/targets/TARGET_Freescale/TARGET_KLXX/pinmap.o
    0x00005264   0x0000002c   Code   RO         3649    .text.pin_mode      BUILD/KL25Z/ARMC6/mbed-os/targets/TARGET_Freescale/TARGET_KLXX/pinmap.o
    0x00005290   0x0000002c   Code   RO         1222    .text.pinmap_find_peripheral  BUILD/KL25Z/ARMC6/mbed-os/hal/source/mbed_pinmap_common.o
    0x000052bc   0x00000040   Code   RO         1220    .text.pinmap_merge  BUILD/KL25Z/ARMC6/mbed-os/hal/source/mbed_pinmap_common.o
    0x000052fc   0x00000054   Code   RO         1224    .text.pinmap_peripheral  BUILD/KL25Z/ARMC6/mbed-os/hal/source/mbed_pinmap_common.o
    0x00005350   0x00000064   Code   RO         1218    .text.pinmap_pinout  BUILD/KL25Z/ARMC6/mbed-os/hal/source/mbed_pinmap_common.o
    0x000053b4   0x00000058   Code   RO         3738    .text.pit_init      BUILD/KL25Z/ARMC6/mbed-os/targets/TARGET_Freescale/TARGET_KLXX/us_ticker.o
    0x0000540c   0x000000e4   Code   RO         1878    .text.print_context_info  BUILD/KL25Z/ARMC6/mbed-os/platform/source/TARGET_CORTEX_M/mbed_fault_handler.o
    0x000054f0   0x000001ac   Code   RO         2066    .text.print_error_report  BUILD/KL25Z/ARMC6/mbed-os/platform/source/mbed_error.o
    0x0000569c   0x000000d0   Code   RO         1286    .text.schedule_interrupt  BUILD/KL25Z/ARMC6/mbed-os/hal/source/mbed_ticker_api.o
    0x0000576c   0x00000010   Code   RO         2561    .text.semihost_connected  BUILD/KL25Z/ARMC6/mbed-os/platform/source/mbed_semihost_api.o
    0x0000577c   0x0000000c   Code   RO         2551    .text.semihost_exit  BUILD/KL25Z/ARMC6/mbed-os/platform/source/mbed_semihost_api.o
    0x00005788   0x00000058   Code   RO         3409    .text.serial_baud   BUILD/KL25Z/ARMC6/mbed-os/targets/TARGET_Freescale/TARGET_KLXX/TARGET_KL25Z/serial_api.o
    0x000057e0   0x000000b0   Code   RO         3411    .text.serial_format  BUILD/KL25Z/ARMC6/mbed-os/targets/TARGET_Freescale/TARGET_KLXX/TARGET_KL25Z/serial_api.o
    0x00005890   0x0000000c   Code   RO         3413    .text.serial_free   BUILD/KL25Z/ARMC6/mbed-os/targets/TARGET_Freescale/TARGET_KLXX/TARGET_KL25Z/serial_api.o
    0x0000589c   0x00000014   Code   RO         3437    .text.serial_getc   BUILD/KL25Z/ARMC6/mbed-os/targets/TARGET_Freescale/TARGET_KLXX/TARGET_KL25Z/serial_api.o
    0x000058b0   0x00000158   Code   RO         3405    .text.serial_init   BUILD/KL25Z/ARMC6/mbed-os/targets/TARGET_Freescale/TARGET_KLXX/TARGET_KL25Z/serial_api.o
    0x00005a08   0x00000010   Code   RO         1359    .text.serial_init_direct  BUILD/KL25Z/ARMC6/mbed-os/hal/source/static_pinmap.o
    0x00005a18   0x00000014   Code   RO         3427    .text.serial_irq_handler  BUILD/KL25Z/ARMC6/mbed-os/targets/TARGET_Freescale/TARGET_KLXX/TARGET_KL25Z/serial_api.o
    0x00005a2c   0x000000ac   Code   RO         3429    .text.serial_irq_set  BUILD/KL25Z/ARMC6/mbed-os/targets/TARGET_Freescale/TARGET_KLXX/TARGET_KL25Z/serial_api.o
    0x00005ad8   0x00000016   Code   RO         3441    .text.serial_putc   BUILD/KL25Z/ARMC6/mbed-os/targets/TARGET_Freescale/TARGET_KLXX/TARGET_KL25Z/serial_api.o
    0x00005aee   0x00000018   Code   RO         3439    .text.serial_readable  BUILD/KL25Z/ARMC6/mbed-os/targets/TARGET_Freescale/TARGET_KLXX/TARGET_KL25Z/serial_api.o
    0x00005b06   0x00000018   Code   RO         3443    .text.serial_writable  BUILD/KL25Z/ARMC6/mbed-os/targets/TARGET_Freescale/TARGET_KLXX/TARGET_KL25Z/serial_api.o
    0x00005b1e   0x00000006   Code   RO         1280    .text.set_handler   BUILD/KL25Z/ARMC6/mbed-os/hal/source/mbed_ticker_api.o
    0x00005b24   0x00000050   Code   RO         2259    .text.sleep_manager_lock_deep_sleep_internal  BUILD/KL25Z/ARMC6/mbed-os/platform/source/mbed_power_mgmt.o
    0x00005b74   0x00000010   Code   RO         2267    .text.sleep_manager_sleep_auto  BUILD/KL25Z/ARMC6/mbed-os/platform/source/mbed_power_mgmt.o
    0x00005b84   0x00000054   Code   RO         2261    .text.sleep_manager_unlock_deep_sleep_internal  BUILD/KL25Z/ARMC6/mbed-os/platform/source/mbed_power_mgmt.o
    0x00005bd8   0x0000000c   Code   RO         2595    .text.thread_sleep_for  BUILD/KL25Z/ARMC6/mbed-os/platform/source/mbed_thread.o
    0x00005be4   0x0000002e   Code   RO         1294    .text.ticker_insert_event_us  BUILD/KL25Z/ARMC6/mbed-os/hal/source/mbed_ticker_api.o
    0x00005c12   0x00000064   Code   RO         1282    .text.ticker_irq_handler  BUILD/KL25Z/ARMC6/mbed-os/hal/source/mbed_ticker_api.o
    0x00005c76   0x00000022   Code   RO         1300    .text.ticker_read_us  BUILD/KL25Z/ARMC6/mbed-os/hal/source/mbed_ticker_api.o
    0x00005c98   0x00000038   Code   RO         1296    .text.ticker_remove_event  BUILD/KL25Z/ARMC6/mbed-os/hal/source/mbed_ticker_api.o
    0x00005cd0   0x0000001c   Code   RO         1276    .text.ticker_set_handler  BUILD/KL25Z/ARMC6/mbed-os/hal/source/mbed_ticker_api.o
    0x00005cec   0x00000020   Code   RO         3419    .text.uart0_irq     BUILD/KL25Z/ARMC6/mbed-os/targets/TARGET_Freescale/TARGET_KLXX/TARGET_KL25Z/serial_api.o
    0x00005d0c   0x00000014   Code   RO         3423    .text.uart1_irq     BUILD/KL25Z/ARMC6/mbed-os/targets/TARGET_Freescale/TARGET_KLXX/TARGET_KL25Z/serial_api.o
    0x00005d20   0x00000014   Code   RO         3425    .text.uart2_irq     BUILD/KL25Z/ARMC6/mbed-os/targets/TARGET_Freescale/TARGET_KLXX/TARGET_KL25Z/serial_api.o
    0x00005d34   0x00000034   Code   RO         3421    .text.uart_irq      BUILD/KL25Z/ARMC6/mbed-os/targets/TARGET_Freescale/TARGET_KLXX/TARGET_KL25Z/serial_api.o
    0x00005d68   0x000000a6   Code   RO         1284    .text.update_present_time  BUILD/KL25Z/ARMC6/mbed-os/hal/source/mbed_ticker_api.o
    0x00005e0e   0x00000002   Code   RO         3744    .text.us_ticker_clear_interrupt  BUILD/KL25Z/ARMC6/mbed-os/targets/TARGET_Freescale/TARGET_KLXX/us_ticker.o
    0x00005e10   0x00000010   Code   RO         3736    .text.us_ticker_disable_interrupt  BUILD/KL25Z/ARMC6/mbed-os/targets/TARGET_Freescale/TARGET_KLXX/us_ticker.o
    0x00005e20   0x00000014   Code   RO         3750    .text.us_ticker_fire_interrupt  BUILD/KL25Z/ARMC6/mbed-os/targets/TARGET_Freescale/TARGET_KLXX/us_ticker.o
    0x00005e34   0x00000002   Code   RO         3754    .text.us_ticker_free  BUILD/KL25Z/ARMC6/mbed-os/targets/TARGET_Freescale/TARGET_KLXX/us_ticker.o
    0x00005e36   0x00000002   PAD
    0x00005e38   0x00000008   Code   RO         3732    .text.us_ticker_get_info  BUILD/KL25Z/ARMC6/mbed-os/targets/TARGET_Freescale/TARGET_KLXX/us_ticker.o
    0x00005e40   0x00000024   Code   RO         3734    .text.us_ticker_init  BUILD/KL25Z/ARMC6/mbed-os/targets/TARGET_Freescale/TARGET_KLXX/us_ticker.o
    0x00005e64   0x00000018   Code   RO         1328    .text.us_ticker_irq_handler  BUILD/KL25Z/ARMC6/mbed-os/hal/source/mbed_us_ticker_api.o
    0x00005e7c   0x0000000c   Code   RO         3742    .text.us_ticker_read  BUILD/KL25Z/ARMC6/mbed-os/targets/TARGET_Freescale/TARGET_KLXX/us_ticker.o
    0x00005e88   0x0000003c   Code   RO         3746    .text.us_ticker_set_interrupt  BUILD/KL25Z/ARMC6/mbed-os/targets/TARGET_Freescale/TARGET_KLXX/us_ticker.o
    0x00005ec4   0x00000034   Code   RO         2332    .text.write         BUILD/KL25Z/ARMC6/mbed-os/platform/source/mbed_retarget.o
    0x00005ef8   0x000001f6   Code   RO         3998    .text_divfast       /home/paok/.config/Mbed Studio/mbed-studio-tools/ac6/bin/../lib/armlib/c_p.l(aeabi_sdivfast.o)
    0x000060ee   0x00000030   Code   RO         4471    i.__ARM_common_ll_muluu  /home/paok/.config/Mbed Studio/mbed-studio-tools/ac6/bin/../lib/armlib/c_p.l(btod.o)
    0x0000611e   0x00000002   PAD
    0x00006120   0x0000002c   Code   RO         4518    i.__ARM_fpclassify  /home/paok/.config/Mbed Studio/mbed-studio-tools/ac6/bin/../lib/armlib/m_ps.l(fpclassify.o)
    0x0000614c   0x0000000e   Code   RO         3912    i._is_digit         /home/paok/.config/Mbed Studio/mbed-studio-tools/ac6/bin/../lib/armlib/c_p.l(__printf_wp.o)
    0x0000615a   0x0000001e   Code   RO         3944    i.fputc             /home/paok/.config/Mbed Studio/mbed-studio-tools/ac6/bin/../lib/armlib/c_p.l(fputc.o)
    0x00006178   0x0000002c   Code   RO         4481    locale$$code        /home/paok/.config/Mbed Studio/mbed-studio-tools/ac6/bin/../lib/armlib/c_p.l(lc_numeric_c.o)
    0x000061a4   0x0000002c   Code   RO         4539    locale$$code        /home/paok/.config/Mbed Studio/mbed-studio-tools/ac6/bin/../lib/armlib/c_p.l(lc_ctype_c.o)
    0x000061d0   0x00000010   Code   RO         4287    x$fpl$printf1       /home/paok/.config/Mbed Studio/mbed-studio-tools/ac6/bin/../lib/armlib/fz_ps.l(printf1.o)
    0x000061e0   0x00000010   Code   RO         4289    x$fpl$printf2       /home/paok/.config/Mbed Studio/mbed-studio-tools/ac6/bin/../lib/armlib/fz_ps.l(printf2.o)
    0x000061f0   0x00000000   Code   RO         4297    x$fpl$usenofp       /home/paok/.config/Mbed Studio/mbed-studio-tools/ac6/bin/../lib/armlib/fz_ps.l(usenofp.o)
    0x000061f0   0x00000028   Data   RO         3900    .constdata          /home/paok/.config/Mbed Studio/mbed-studio-tools/ac6/bin/../lib/armlib/c_p.l(_printf_hex_int_ll_ptr.o)
    0x00006218   0x00000011   Data   RO         3920    .constdata          /home/paok/.config/Mbed Studio/mbed-studio-tools/ac6/bin/../lib/armlib/c_p.l(__printf_flags_ss_wp.o)
    0x00006229   0x00000003   PAD
    0x0000622c   0x00000008   Data   RO         4152    .constdata          /home/paok/.config/Mbed Studio/mbed-studio-tools/ac6/bin/../lib/armlib/c_p.l(_printf_wctomb.o)
    0x00006234   0x00000026   Data   RO         4360    .constdata          /home/paok/.config/Mbed Studio/mbed-studio-tools/ac6/bin/../lib/armlib/c_p.l(_printf_fp_hex.o)
    0x0000625a   0x00000002   PAD
    0x0000625c   0x00000094   Data   RO         4467    .constdata          /home/paok/.config/Mbed Studio/mbed-studio-tools/ac6/bin/../lib/armlib/c_p.l(bigflt0.o)
    0x000062f0   0x00000000   Data   RO         2542    .rodata             BUILD/KL25Z/ARMC6/mbed-os/platform/source/mbed_sdk_boot.o
    0x000062f0   0x0000006c   Data   RO         3336    .rodata.PinMap_UART_RX  BUILD/KL25Z/ARMC6/mbed-os/targets/TARGET_Freescale/TARGET_KLXX/TARGET_KL25Z/PeripheralPins.o
    0x0000635c   0x0000006c   Data   RO         3335    .rodata.PinMap_UART_TX  BUILD/KL25Z/ARMC6/mbed-os/targets/TARGET_Freescale/TARGET_KLXX/TARGET_KL25Z/PeripheralPins.o
    0x000063c8   0x00000050   Data   RO         1584    .rodata._ZTVN4mbed10FileHandleE  BUILD/KL25Z/ARMC6/mbed-os/platform/source/FileHandle.o
    0x00006418   0x00000018   Data   RO          846    .rodata._ZTVN4mbed10SerialBaseE  BUILD/KL25Z/ARMC6/mbed-os/drivers/source/SerialBase.o
    0x00006430   0x0000000c   Data   RO          991    .rodata._ZTVN4mbed10TimerEventE  BUILD/KL25Z/ARMC6/mbed-os/drivers/source/TimerEvent.o
    0x0000643c   0x00000098   Data   RO          173    .rodata._ZTVN4mbed14BufferedSerialE  BUILD/KL25Z/ARMC6/mbed-os/drivers/source/BufferedSerial.o
    0x000064d4   0x0000000c   Data   RO         1870    .rodata._ZTVN4mbed8internal8SysTimerINSt3__25ratioILx1ELx1000EEELb1EEE  BUILD/KL25Z/ARMC6/mbed-os/platform/source/SysTimer.o
    0x000064e0   0x00000018   Data   RO         2467    .rodata._ZZL15default_consolevE14console_pinmap  BUILD/KL25Z/ARMC6/mbed-os/platform/source/mbed_retarget.o
    0x000064f8   0x00000008   Data   RO         2454    .rodata.__stderr_name  BUILD/KL25Z/ARMC6/mbed-os/platform/source/mbed_retarget.o
    0x00006500   0x00000007   Data   RO         2452    .rodata.__stdin_name  BUILD/KL25Z/ARMC6/mbed-os/platform/source/mbed_retarget.o
    0x00006507   0x00000008   Data   RO         2453    .rodata.__stdout_name  BUILD/KL25Z/ARMC6/mbed-os/platform/source/mbed_retarget.o
    0x0000650f   0x0000004e   Data   RO         1722    .rodata.str1.1      BUILD/KL25Z/ARMC6/mbed-os/platform/source/SysTimer.o
    0x0000655d   0x00000097   Data   RO         1882    .rodata.str1.1      BUILD/KL25Z/ARMC6/mbed-os/platform/source/TARGET_CORTEX_M/mbed_fault_handler.o
    0x000065f4   0x00000005   Data   RO         2035    .rodata.str1.1      BUILD/KL25Z/ARMC6/mbed-os/platform/source/mbed_board.o
    0x000065f9   0x000000ea   Data   RO         2112    .rodata.str1.1      BUILD/KL25Z/ARMC6/mbed-os/platform/source/mbed_error.o
    0x000066e3   0x00000063   Data   RO         2461    .rodata.str1.1      BUILD/KL25Z/ARMC6/mbed-os/platform/source/mbed_retarget.o
    0x00006746   0x00000093   Data   RO         3462    .rodata.str1.1      BUILD/KL25Z/ARMC6/mbed-os/targets/TARGET_Freescale/TARGET_KLXX/TARGET_KL25Z/serial_api.o
    0x000067d9   0x0000003a   Data   RO         3577    .rodata.str1.1      BUILD/KL25Z/ARMC6/mbed-os/targets/TARGET_Freescale/TARGET_KLXX/gpio_api.o
    0x00006813   0x0000004b   Data   RO         3651    .rodata.str1.1      BUILD/KL25Z/ARMC6/mbed-os/targets/TARGET_Freescale/TARGET_KLXX/pinmap.o
    0x0000685e   0x00000002   PAD
    0x00006860   0x00000008   Data   RO         1334    .rodata.us_data     BUILD/KL25Z/ARMC6/mbed-os/hal/source/mbed_us_ticker_api.o
    0x00006868   0x00000024   Data   RO         1337    .rodata.us_interface  BUILD/KL25Z/ARMC6/mbed-os/hal/source/mbed_us_ticker_api.o
    0x0000688c   0x00000008   Data   RO         3766    .rodata.us_ticker_get_info.info  BUILD/KL25Z/ARMC6/mbed-os/targets/TARGET_Freescale/TARGET_KLXX/us_ticker.o
    0x00006894   0x00000020   Data   RO         4604    Region$$Table       anon$$obj.o
    0x000068b4   0x0000001c   Data   RO         4480    locale$$data        /home/paok/.config/Mbed Studio/mbed-studio-tools/ac6/bin/../lib/armlib/c_p.l(lc_numeric_c.o)
    0x000068d0   0x00000110   Data   RO         4538    locale$$data        /home/paok/.config/Mbed Studio/mbed-studio-tools/ac6/bin/../lib/armlib/c_p.l(lc_ctype_c.o)
    0x000069e0   0x00000000   Data   RO         4011    .init_array         /home/paok/.config/Mbed Studio/mbed-studio-tools/ac6/bin/../lib/armlib/c_p.l(init_aeabi.o)


    Execution Region RW_IRAM1 (Base: 0x1ffff0c0, Size: 0x000005d0, Max: 0x00003f40, ABSOLUTE)

    Base Addr    Size         Type   Attr      Idx    E Section Name        Object

    0x1ffff0c0   0x00000004   Data   RW         3960    .data               /home/paok/.config/Mbed Studio/mbed-studio-tools/ac6/bin/../lib/armlib/c_p.l(stdio_streams.o)
    0x1ffff0c4   0x00000004   Data   RW         3961    .data               /home/paok/.config/Mbed Studio/mbed-studio-tools/ac6/bin/../lib/armlib/c_p.l(stdio_streams.o)
    0x1ffff0c8   0x00000004   Data   RW         3962    .data               /home/paok/.config/Mbed Studio/mbed-studio-tools/ac6/bin/../lib/armlib/c_p.l(stdio_streams.o)
    0x1ffff0cc   0x00000004   Data   RW         3355    .data.SystemCoreClock  BUILD/KL25Z/ARMC6/mbed-os/targets/TARGET_Freescale/TARGET_KLXX/TARGET_KL25Z/device/system_MKL25Z4.o
    0x1ffff0d0   0x00000040   Data   RW         2466    .data._ZL11filehandles  BUILD/KL25Z/ARMC6/mbed-os/platform/source/mbed_retarget.o
    0x1ffff110   0x00000004   Data   RW         1335    .data.irq_handler   BUILD/KL25Z/ARMC6/mbed-os/hal/source/mbed_us_ticker_api.o
    0x1ffff114   0x00000004   Zero   RW         3783    .bss                /home/paok/.config/Mbed Studio/mbed-studio-tools/ac6/bin/../lib/armlib/c_p.l(rt_errno_addr.o)
    0x1ffff118   0x00000054   Zero   RW         3957    .bss                /home/paok/.config/Mbed Studio/mbed-studio-tools/ac6/bin/../lib/armlib/c_p.l(stdio_streams.o)
    0x1ffff16c   0x00000054   Zero   RW         3958    .bss                /home/paok/.config/Mbed Studio/mbed-studio-tools/ac6/bin/../lib/armlib/c_p.l(stdio_streams.o)
    0x1ffff1c0   0x00000054   Zero   RW         3959    .bss                /home/paok/.config/Mbed Studio/mbed-studio-tools/ac6/bin/../lib/armlib/c_p.l(stdio_streams.o)
    0x1ffff214   0x00000004   Zero   RW         4109    .bss                /home/paok/.config/Mbed Studio/mbed-studio-tools/ac6/bin/../lib/armlib/c_p.l(rt_heap_descriptor.o)
    0x1ffff218   0x00000014   Zero   RW         4458    .bss                /home/paok/.config/Mbed Studio/mbed-studio-tools/ac6/bin/../lib/armlib/c_p.l(rt_locale.o)
    0x1ffff22c   0x00000004   Zero   RW         2469    .bss._ZGVZL15default_consolevE7console  BUILD/KL25Z/ARMC6/mbed-os/platform/source/mbed_retarget.o
    0x1ffff230   0x00000010   Zero   RW         2459    .bss._ZL13stdio_in_prev  BUILD/KL25Z/ARMC6/mbed-os/platform/source/mbed_retarget.o
    0x1ffff240   0x00000010   Zero   RW         2460    .bss._ZL14stdio_out_prev  BUILD/KL25Z/ARMC6/mbed-os/platform/source/mbed_retarget.o
    0x1ffff250   0x00000008   Zero   RW         2465    .bss._ZL16filehandle_mutex  BUILD/KL25Z/ARMC6/mbed-os/platform/source/mbed_retarget.o
    0x1ffff258   0x00000004   Zero   RW         1570    .bss._ZN4mbed8FileBase5_headE  BUILD/KL25Z/ARMC6/mbed-os/platform/source/FileBase.o
    0x1ffff25c   0x00000008   Zero   RW         1571    .bss._ZN4mbed8FileBase6_mutexE  BUILD/KL25Z/ARMC6/mbed-os/platform/source/FileBase.o
    0x1ffff264   0x00000004   Zero   RW         1572    .bss._ZN4mbed8FileBase8_defaultE  BUILD/KL25Z/ARMC6/mbed-os/platform/source/FileBase.o
    0x1ffff268   0x00000048   Zero   RW         2205    .bss._ZN4mbed8internal12_GLOBAL__N_113os_timer_dataE  BUILD/KL25Z/ARMC6/mbed-os/platform/source/mbed_os_timer.o
    0x1ffff2b0   0x00000004   Zero   RW         2204    .bss._ZN4mbed8internal8os_timerE  BUILD/KL25Z/ARMC6/mbed-os/platform/source/mbed_os_timer.o
    0x1ffff2b4   0x00000284   Zero   RW         2468    .bss._ZZL15default_consolevE7console  BUILD/KL25Z/ARMC6/mbed-os/platform/source/mbed_retarget.o
    0x1ffff538   0x00000001   Zero   RW         1336    .bss._us_ticker_initialized  BUILD/KL25Z/ARMC6/mbed-os/hal/source/mbed_us_ticker_api.o
    0x1ffff539   0x00000001   Zero   RW         1165    .bss.critical_interrupts_enabled  BUILD/KL25Z/ARMC6/mbed-os/hal/source/mbed_critical_section_api.o
    0x1ffff53a   0x00000002   PAD
    0x1ffff53c   0x00000004   Zero   RW         2054    .bss.critical_section_reentrancy_counter  BUILD/KL25Z/ARMC6/mbed-os/platform/source/mbed_critical.o
    0x1ffff540   0x00000002   Zero   RW         2269    .bss.deep_sleep_lock  BUILD/KL25Z/ARMC6/mbed-os/platform/source/mbed_power_mgmt.o
    0x1ffff542   0x00000002   PAD
    0x1ffff544   0x00000004   Zero   RW         2109    .bss.error_count    BUILD/KL25Z/ARMC6/mbed-os/platform/source/mbed_error.o
    0x1ffff548   0x00000004   Zero   RW         2110    .bss.error_hook     BUILD/KL25Z/ARMC6/mbed-os/platform/source/mbed_error.o
    0x1ffff54c   0x00000004   PAD
    0x1ffff550   0x00000038   Zero   RW         1338    .bss.events         BUILD/KL25Z/ARMC6/mbed-os/hal/source/mbed_us_ticker_api.o
    0x1ffff588   0x00000034   Zero   RW         2108    .bss.first_error_ctx  BUILD/KL25Z/ARMC6/mbed-os/platform/source/mbed_error.o
    0x1ffff5bc   0x00000001   Zero   RW         2111    .bss.halt_in_progress  BUILD/KL25Z/ARMC6/mbed-os/platform/source/mbed_error.o
    0x1ffff5bd   0x00000003   PAD
    0x1ffff5c0   0x00000004   Zero   RW         3465    .bss.irq_handler    BUILD/KL25Z/ARMC6/mbed-os/targets/TARGET_Freescale/TARGET_KLXX/TARGET_KL25Z/serial_api.o
    0x1ffff5c4   0x00000001   Zero   RW         2565    .bss.is_debugger_attached  BUILD/KL25Z/ARMC6/mbed-os/platform/source/mbed_semihost_api.o
    0x1ffff5c5   0x00000003   PAD
    0x1ffff5c8   0x00000034   Zero   RW         2107    .bss.last_error_ctx  BUILD/KL25Z/ARMC6/mbed-os/platform/source/mbed_error.o
    0x1ffff5fc   0x00000001   Zero   RW         2106    .bss.mbed_error_in_progress  BUILD/KL25Z/ARMC6/mbed-os/platform/source/mbed_error.o
    0x1ffff5fd   0x00000003   PAD
    0x1ffff600   0x00000054   Zero   RW         1883    .bss.mbed_fault_context  BUILD/KL25Z/ARMC6/mbed-os/platform/source/TARGET_CORTEX_M/mbed_fault_handler.o
    0x1ffff654   0x00000004   Zero   RW         2456    .bss.mbed_heap_size  BUILD/KL25Z/ARMC6/mbed-os/platform/source/mbed_retarget.o
    0x1ffff658   0x00000004   Zero   RW         2455    .bss.mbed_heap_start  BUILD/KL25Z/ARMC6/mbed-os/platform/source/mbed_retarget.o
    0x1ffff65c   0x00000004   Zero   RW         2541    .bss.mbed_stack_isr_size  BUILD/KL25Z/ARMC6/mbed-os/platform/source/mbed_sdk_boot.o
    0x1ffff660   0x00000004   Zero   RW         2540    .bss.mbed_stack_isr_start  BUILD/KL25Z/ARMC6/mbed-os/platform/source/mbed_sdk_boot.o
    0x1ffff664   0x0000000c   Zero   RW         3464    .bss.serial_irq_ids  BUILD/KL25Z/ARMC6/mbed-os/targets/TARGET_Freescale/TARGET_KLXX/TARGET_KL25Z/serial_api.o
    0x1ffff670   0x00000001   Zero   RW         1164    .bss.state_saved    BUILD/KL25Z/ARMC6/mbed-os/hal/source/mbed_critical_section_api.o
    0x1ffff671   0x00000007   PAD
    0x1ffff678   0x00000008   Zero   RW         3463    .bss.stdio_uart     BUILD/KL25Z/ARMC6/mbed-os/targets/TARGET_Freescale/TARGET_KLXX/TARGET_KL25Z/serial_api.o
    0x1ffff680   0x00000004   Zero   RW         3461    .bss.stdio_uart_inited  BUILD/KL25Z/ARMC6/mbed-os/targets/TARGET_Freescale/TARGET_KLXX/TARGET_KL25Z/serial_api.o
    0x1ffff684   0x00000001   Zero   RW         3767    .bss.us_ticker_inited  BUILD/KL25Z/ARMC6/mbed-os/targets/TARGET_Freescale/TARGET_KLXX/us_ticker.o
    0x1ffff685   0x00000003   PAD
    0x1ffff688   0x00000004   Zero   RW         3768    .bss.us_ticker_int_counter  BUILD/KL25Z/ARMC6/mbed-os/targets/TARGET_Freescale/TARGET_KLXX/us_ticker.o
    0x1ffff68c   0x00000002   Zero   RW         3769    .bss.us_ticker_int_remainder  BUILD/KL25Z/ARMC6/mbed-os/targets/TARGET_Freescale/TARGET_KLXX/us_ticker.o


    Execution Region ARM_LIB_HEAP (Base: 0x1ffff690, Size: 0x00002970, Max: 0x00002970, ABSOLUTE)

    Base Addr    Size         Type   Attr      Idx    E Section Name        Object

    0x1ffff690   0x00002970   Zero   RW            1    ARM_LIB_HEAP.bss    anon$$obj.o


    Execution Region ARM_LIB_STACK (Base: 0x20002000, Size: 0x00001000, Max: 0x00001000, ABSOLUTE)

    Base Addr    Size         Type   Attr      Idx    E Section Name        Object

    0x20002000   0x00001000   Zero   RW            2    ARM_LIB_STACK.bss   anon$$obj.o


==============================================================================

Image component sizes


      Code (inc. data)   RO Data    RW Data    ZI Data      Debug   

     13642       2304       1668         72      15828     789940   Object Totals
         0          0         32          0      14704          0   (incl. Generated)
        46          0          2          0         29          0   (incl. Padding)
     11238        486        556         12        280       6848   Library Totals
        22          0          5          0          0          0   (incl. Padding)

==============================================================================


      Code (inc. data)   RO Data    RW Data    ZI Data      Debug   

     24880       2790       2224         84      16108     792392   Grand Totals
     24880       2790       2224         84      16108     792392   ELF Image Totals
     24880       2790       2224         84          0          0   ROM Totals

==============================================================================

    Total RO  Size (Code + RO Data)                27104 (  26.47kB)
    Total RW  Size (RW Data + ZI Data)             16192 (  15.81kB)
    Total ROM Size (Code + RO Data + RW Data)      27188 (  26.55kB)

==============================================================================

